Archive member included to satisfy reference by file (symbol)

c:/st/stm32cubeide_1.12.0/stm32cubeide/plugins/com.st.stm32cube.ide.mcu.externaltools.gnu-tools-for-stm32.10.3-2021.10.win32_1.0.200.202301161003/tools/bin/../lib/gcc/arm-none-eabi/10.3.1/../../../../arm-none-eabi/lib/thumb/v7e-m+fp/hard\libc_nano.a(lib_a-atoi.o)
                              ./Core/Src/UART0.o (atoi)
c:/st/stm32cubeide_1.12.0/stm32cubeide/plugins/com.st.stm32cube.ide.mcu.externaltools.gnu-tools-for-stm32.10.3-2021.10.win32_1.0.200.202301161003/tools/bin/../lib/gcc/arm-none-eabi/10.3.1/../../../../arm-none-eabi/lib/thumb/v7e-m+fp/hard\libc_nano.a(lib_a-errno.o)
                              ./Core/Src/syscalls.o (__errno)
c:/st/stm32cubeide_1.12.0/stm32cubeide/plugins/com.st.stm32cube.ide.mcu.externaltools.gnu-tools-for-stm32.10.3-2021.10.win32_1.0.200.202301161003/tools/bin/../lib/gcc/arm-none-eabi/10.3.1/../../../../arm-none-eabi/lib/thumb/v7e-m+fp/hard\libc_nano.a(lib_a-exit.o)
                              c:/st/stm32cubeide_1.12.0/stm32cubeide/plugins/com.st.stm32cube.ide.mcu.externaltools.gnu-tools-for-stm32.10.3-2021.10.win32_1.0.200.202301161003/tools/bin/../lib/gcc/arm-none-eabi/10.3.1/../../../../arm-none-eabi/lib/thumb/v7e-m+fp/hard/crt0.o (exit)
c:/st/stm32cubeide_1.12.0/stm32cubeide/plugins/com.st.stm32cube.ide.mcu.externaltools.gnu-tools-for-stm32.10.3-2021.10.win32_1.0.200.202301161003/tools/bin/../lib/gcc/arm-none-eabi/10.3.1/../../../../arm-none-eabi/lib/thumb/v7e-m+fp/hard\libc_nano.a(lib_a-findfp.o)
                              ./Middlewares/Third_Party/FreeRTOS/Source/tasks.o (__sf_fake_stderr)
c:/st/stm32cubeide_1.12.0/stm32cubeide/plugins/com.st.stm32cube.ide.mcu.externaltools.gnu-tools-for-stm32.10.3-2021.10.win32_1.0.200.202301161003/tools/bin/../lib/gcc/arm-none-eabi/10.3.1/../../../../arm-none-eabi/lib/thumb/v7e-m+fp/hard\libc_nano.a(lib_a-fwalk.o)
                              c:/st/stm32cubeide_1.12.0/stm32cubeide/plugins/com.st.stm32cube.ide.mcu.externaltools.gnu-tools-for-stm32.10.3-2021.10.win32_1.0.200.202301161003/tools/bin/../lib/gcc/arm-none-eabi/10.3.1/../../../../arm-none-eabi/lib/thumb/v7e-m+fp/hard\libc_nano.a(lib_a-findfp.o) (_fwalk)
c:/st/stm32cubeide_1.12.0/stm32cubeide/plugins/com.st.stm32cube.ide.mcu.externaltools.gnu-tools-for-stm32.10.3-2021.10.win32_1.0.200.202301161003/tools/bin/../lib/gcc/arm-none-eabi/10.3.1/../../../../arm-none-eabi/lib/thumb/v7e-m+fp/hard\libc_nano.a(lib_a-impure.o)
                              c:/st/stm32cubeide_1.12.0/stm32cubeide/plugins/com.st.stm32cube.ide.mcu.externaltools.gnu-tools-for-stm32.10.3-2021.10.win32_1.0.200.202301161003/tools/bin/../lib/gcc/arm-none-eabi/10.3.1/../../../../arm-none-eabi/lib/thumb/v7e-m+fp/hard\libc_nano.a(lib_a-exit.o) (_global_impure_ptr)
c:/st/stm32cubeide_1.12.0/stm32cubeide/plugins/com.st.stm32cube.ide.mcu.externaltools.gnu-tools-for-stm32.10.3-2021.10.win32_1.0.200.202301161003/tools/bin/../lib/gcc/arm-none-eabi/10.3.1/../../../../arm-none-eabi/lib/thumb/v7e-m+fp/hard\libc_nano.a(lib_a-init.o)
                              c:/st/stm32cubeide_1.12.0/stm32cubeide/plugins/com.st.stm32cube.ide.mcu.externaltools.gnu-tools-for-stm32.10.3-2021.10.win32_1.0.200.202301161003/tools/bin/../lib/gcc/arm-none-eabi/10.3.1/../../../../arm-none-eabi/lib/thumb/v7e-m+fp/hard/crt0.o (__libc_init_array)
c:/st/stm32cubeide_1.12.0/stm32cubeide/plugins/com.st.stm32cube.ide.mcu.externaltools.gnu-tools-for-stm32.10.3-2021.10.win32_1.0.200.202301161003/tools/bin/../lib/gcc/arm-none-eabi/10.3.1/../../../../arm-none-eabi/lib/thumb/v7e-m+fp/hard\libc_nano.a(lib_a-lock.o)
                              c:/st/stm32cubeide_1.12.0/stm32cubeide/plugins/com.st.stm32cube.ide.mcu.externaltools.gnu-tools-for-stm32.10.3-2021.10.win32_1.0.200.202301161003/tools/bin/../lib/gcc/arm-none-eabi/10.3.1/../../../../arm-none-eabi/lib/thumb/v7e-m+fp/hard\libc_nano.a(lib_a-findfp.o) (__retarget_lock_init_recursive)
c:/st/stm32cubeide_1.12.0/stm32cubeide/plugins/com.st.stm32cube.ide.mcu.externaltools.gnu-tools-for-stm32.10.3-2021.10.win32_1.0.200.202301161003/tools/bin/../lib/gcc/arm-none-eabi/10.3.1/../../../../arm-none-eabi/lib/thumb/v7e-m+fp/hard\libc_nano.a(lib_a-memcpy-stub.o)
                              ./Middlewares/Third_Party/FreeRTOS/Source/CMSIS_RTOS_V2/cmsis_os2.o (memcpy)
c:/st/stm32cubeide_1.12.0/stm32cubeide/plugins/com.st.stm32cube.ide.mcu.externaltools.gnu-tools-for-stm32.10.3-2021.10.win32_1.0.200.202301161003/tools/bin/../lib/gcc/arm-none-eabi/10.3.1/../../../../arm-none-eabi/lib/thumb/v7e-m+fp/hard\libc_nano.a(lib_a-memset.o)
                              c:/st/stm32cubeide_1.12.0/stm32cubeide/plugins/com.st.stm32cube.ide.mcu.externaltools.gnu-tools-for-stm32.10.3-2021.10.win32_1.0.200.202301161003/tools/bin/../lib/gcc/arm-none-eabi/10.3.1/../../../../arm-none-eabi/lib/thumb/v7e-m+fp/hard/crt0.o (memset)
[...]
Memory Configuration

Name             Origin             Length             Attributes
RAM              0x0000000020000000 0x0000000000020000 xrw
FLASH            0x0000000008000000 0x0000000000080000 xr
*default*        0x0000000000000000 0xffffffffffffffff

Linker script and memory map

LOAD c:/st/stm32cubeide_1.12.0/stm32cubeide/plugins/com.st.stm32cube.ide.mcu.externaltools.gnu-tools-for-stm32.10.3-2021.10.win32_1.0.200.202301161003/tools/bin/../lib/gcc/arm-none-eabi/10.3.1/thumb/v7e-m+fp/hard/crti.o
LOAD c:/st/stm32cubeide_1.12.0/stm32cubeide/plugins/com.st.stm32cube.ide.mcu.externaltools.gnu-tools-for-stm32.10.3-2021.10.win32_1.0.200.202301161003/tools/bin/../lib/gcc/arm-none-eabi/10.3.1/thumb/v7e-m+fp/hard/crtbegin.o
LOAD c:/st/stm32cubeide_1.12.0/stm32cubeide/plugins/com.st.stm32cube.ide.mcu.externaltools.gnu-tools-for-stm32.10.3-2021.10.win32_1.0.200.202301161003/tools/bin/../lib/gcc/arm-none-eabi/10.3.1/../../../../arm-none-eabi/lib/thumb/v7e-m+fp/hard/crt0.o
LOAD ./Core/Src/DHT11.o
LOAD ./Core/Src/UART0.o
LOAD ./Core/Src/button.o
LOAD ./Core/Src/buzzer.o
LOAD ./Core/Src/dcmotor.o
LOAD ./Core/Src/freertos.o
LOAD ./Core/Src/i2c_lcd.o
LOAD ./Core/Src/internal_rtc.o
LOAD ./Core/Src/led.o
LOAD ./Core/Src/main.o
LOAD ./Core/Src/servo_motor.o
LOAD ./Core/Src/stepmotor.o
LOAD ./Core/Src/stm32f4xx_hal_msp.o
LOAD ./Core/Src/stm32f4xx_hal_timebase_tim.o
LOAD ./Core/Src/stm32f4xx_it.o
LOAD ./Core/Src/syscalls.o
LOAD ./Core/Src/sysmem.o
LOAD ./Core/Src/system_stm32f4xx.o
LOAD ./Core/Src/ultrasonic.o
LOAD ./Core/Startup/startup_stm32f411retx.o
LOAD ./Drivers/STM32F4xx_HAL_Driver/Src/stm32f4xx_hal.o
LOAD ./Drivers/STM32F4xx_HAL_Driver/Src/stm32f4xx_hal_cortex.o
LOAD ./Drivers/STM32F4xx_HAL_Driver/Src/stm32f4xx_hal_dma.o
LOAD ./Drivers/STM32F4xx_HAL_Driver/Src/stm32f4xx_hal_dma_ex.o
LOAD ./Drivers/STM32F4xx_HAL_Driver/Src/stm32f4xx_hal_exti.o
LOAD ./Drivers/STM32F4xx_HAL_Driver/Src/stm32f4xx_hal_flash.o
LOAD ./Drivers/STM32F4xx_HAL_Driver/Src/stm32f4xx_hal_flash_ex.o
LOAD ./Drivers/STM32F4xx_HAL_Driver/Src/stm32f4xx_hal_flash_ramfunc.o
LOAD ./Drivers/STM32F4xx_HAL_Driver/Src/stm32f4xx_hal_gpio.o
LOAD ./Drivers/STM32F4xx_HAL_Driver/Src/stm32f4xx_hal_i2c.o
LOAD ./Drivers/STM32F4xx_HAL_Driver/Src/stm32f4xx_hal_i2c_ex.o
LOAD ./Drivers/STM32F4xx_HAL_Driver/Src/stm32f4xx_hal_pwr.o
LOAD ./Drivers/STM32F4xx_HAL_Driver/Src/stm32f4xx_hal_pwr_ex.o
LOAD ./Drivers/STM32F4xx_HAL_Driver/Src/stm32f4xx_hal_rcc.o
LOAD ./Drivers/STM32F4xx_HAL_Driver/Src/stm32f4xx_hal_rcc_ex.o
LOAD ./Drivers/STM32F4xx_HAL_Driver/Src/stm32f4xx_hal_rtc.o
LOAD ./Drivers/STM32F4xx_HAL_Driver/Src/stm32f4xx_hal_rtc_ex.o
LOAD ./Drivers/STM32F4xx_HAL_Driver/Src/stm32f4xx_hal_tim.o
LOAD ./Drivers/STM32F4xx_HAL_Driver/Src/stm32f4xx_hal_tim_ex.o
LOAD ./Drivers/STM32F4xx_HAL_Driver/Src/stm32f4xx_hal_uart.o
LOAD ./Middlewares/Third_Party/FreeRTOS/Source/CMSIS_RTOS_V2/cmsis_os2.o
LOAD ./Middlewares/Third_Party/FreeRTOS/Source/croutine.o
LOAD ./Middlewares/Third_Party/FreeRTOS/Source/event_groups.o
LOAD ./Middlewares/Third_Party/FreeRTOS/Source/list.o
LOAD ./Middlewares/Third_Party/FreeRTOS/Source/queue.o
LOAD ./Middlewares/Third_Party/FreeRTOS/Source/stream_buffer.o
LOAD ./Middlewares/Third_Party/FreeRTOS/Source/tasks.o
LOAD ./Middlewares/Third_Party/FreeRTOS/Source/timers.o
LOAD ./Middlewares/Third_Party/FreeRTOS/Source/portable/GCC/ARM_CM4F/port.o
LOAD ./Middlewares/Third_Party/FreeRTOS/Source/portable/MemMang/heap_4.o
START GROUP
LOAD c:/st/stm32cubeide_1.12.0/stm32cubeide/plugins/com.st.stm32cube.ide.mcu.externaltools.gnu-tools-for-stm32.10.3-2021.10.win32_1.0.200.202301161003/tools/bin/../lib/gcc/arm-none-eabi/10.3.1/../../../../arm-none-eabi/lib/thumb/v7e-m+fp/hard\libc_nano.a
LOAD c:/st/stm32cubeide_1.12.0/stm32cubeide/plugins/com.st.stm32cube.ide.mcu.externaltools.gnu-tools-for-stm32.10.3-2021.10.win32_1.0.200.202301161003/tools/bin/../lib/gcc/arm-none-eabi/10.3.1/../../../../arm-none-eabi/lib/thumb/v7e-m+fp/hard\libm.a
END GROUP
START GROUP
LOAD c:/st/stm32cubeide_1.12.0/stm32cubeide/plugins/com.st.stm32cube.ide.mcu.externaltools.gnu-tools-for-stm32.10.3-2021.10.win32_1.0.200.202301161003/tools/bin/../lib/gcc/arm-none-eabi/10.3.1/thumb/v7e-m+fp/hard\libgcc.a
LOAD c:/st/stm32cubeide_1.12.0/stm32cubeide/plugins/com.st.stm32cube.ide.mcu.externaltools.gnu-tools-for-stm32.10.3-2021.10.win32_1.0.200.202301161003/tools/bin/../lib/gcc/arm-none-eabi/10.3.1/../../../../arm-none-eabi/lib/thumb/v7e-m+fp/hard\libc_nano.a
END GROUP
START GROUP
LOAD c:/st/stm32cubeide_1.12.0/stm32cubeide/plugins/com.st.stm32cube.ide.mcu.externaltools.gnu-tools-for-stm32.10.3-2021.10.win32_1.0.200.202301161003/tools/bin/../lib/gcc/arm-none-eabi/10.3.1/thumb/v7e-m+fp/hard\libgcc.a
LOAD c:/st/stm32cubeide_1.12.0/stm32cubeide/plugins/com.st.stm32cube.ide.mcu.externaltools.gnu-tools-for-stm32.10.3-2021.10.win32_1.0.200.202301161003/tools/bin/../lib/gcc/arm-none-eabi/10.3.1/../../../../arm-none-eabi/lib/thumb/v7e-m+fp/hard\libc_nano.a
LOAD c:/st/stm32cubeide_1.12.0/stm32cubeide/plugins/com.st.stm32cube.ide.mcu.externaltools.gnu-tools-for-stm32.10.3-2021.10.win32_1.0.200.202301161003/tools/bin/../lib/gcc/arm-none-eabi/10.3.1/../../../../arm-none-eabi/lib/thumb/v7e-m+fp/hard\libnosys.a
END GROUP
START GROUP
LOAD c:/st/stm32cubeide_1.12.0/stm32cubeide/plugins/com.st.stm32cube.ide.mcu.externaltools.gnu-tools-for-stm32.10.3-2021.10.win32_1.0.200.202301161003/tools/bin/../lib/gcc/arm-none-eabi/10.3.1/thumb/v7e-m+fp/hard\libgcc.a
LOAD c:/st/stm32cubeide_1.12.0/stm32cubeide/plugins/com.st.stm32cube.ide.mcu.externaltools.gnu-tools-for-stm32.10.3-2021.10.win32_1.0.200.202301161003/tools/bin/../lib/gcc/arm-none-eabi/10.3.1/../../../../arm-none-eabi/lib/thumb/v7e-m+fp/hard\libc_nano.a
LOAD c:/st/stm32cubeide_1.12.0/stm32cubeide/plugins/com.st.stm32cube.ide.mcu.externaltools.gnu-tools-for-stm32.10.3-2021.10.win32_1.0.200.202301161003/tools/bin/../lib/gcc/arm-none-eabi/10.3.1/../../../../arm-none-eabi/lib/thumb/v7e-m+fp/hard\libnosys.a
END GROUP
LOAD c:/st/stm32cubeide_1.12.0/stm32cubeide/plugins/com.st.stm32cube.ide.mcu.externaltools.gnu-tools-for-stm32.10.3-2021.10.win32_1.0.200.202301161003/tools/bin/../lib/gcc/arm-none-eabi/10.3.1/thumb/v7e-m+fp/hard/crtend.o
LOAD c:/st/stm32cubeide_1.12.0/stm32cubeide/plugins/com.st.stm32cube.ide.mcu.externaltools.gnu-tools-for-stm32.10.3-2021.10.win32_1.0.200.202301161003/tools/bin/../lib/gcc/arm-none-eabi/10.3.1/thumb/v7e-m+fp/hard/crtn.o
                0x0000000020020000                _estack = (ORIGIN (RAM) + LENGTH (RAM))
                0x0000000000000200                _Min_Heap_Size = 0x200
                0x0000000000000400                _Min_Stack_Size = 0x400

.isr_vector     0x0000000008000000      0x198
                0x0000000008000000                . = ALIGN (0x4)
 *(.isr_vector)
 .isr_vector    0x0000000008000000      0x198 ./Core/Startup/startup_stm32f411retx.o
                0x0000000008000000                g_pfnVectors
                0x0000000008000198                . = ALIGN (0x4)

.text           0x00000000080001a0     0xabf4
                0x00000000080001a0                . = ALIGN (0x4)
 *(.text)
 .text          0x00000000080001a0       0x40 c:/st/stm32cubeide_1.12.0/stm32cubeide/plugins/com.st.stm32cube.ide.mcu.externaltools.gnu-tools-for-stm32.10.3-2021.10.win32_1.0.200.202301161003/tools/bin/../lib/gcc/arm-none-eabi/10.3.1/thumb/v7e-m+fp/hard/crtbegin.o
 .text          0x00000000080001e0       0xa0 c:/st/stm32cubeide_1.12.0/stm32cubeide/plugins/com.st.stm32cube.ide.mcu.externaltools.gnu-tools-for-stm32.10.3-2021.10.win32_1.0.200.202301161003/tools/bin/../lib/gcc/arm-none-eabi/10.3.1/../../../../arm-none-eabi/lib/thumb/v7e-m+fp/hard\libc_nano.a(lib_a-memchr.o)
                0x00000000080001e0                memchr
 .text          0x0000000008000280       0x30 c:/st/stm32cubeide_1.12.0/stm32cubeide/plugins/com.st.stm32cube.ide.mcu.externaltools.gnu-tools-for-stm32.10.3-2021.10.win32_1.0.200.202301161003/tools/bin/../lib/gcc/arm-none-eabi/10.3.1/thumb/v7e-m+fp/hard\libgcc.a(_aeabi_uldivmod.o)
                0x0000000008000280                __aeabi_uldivmod
 .text          0x00000000080002b0      0x2d0 c:/st/stm32cubeide_1.12.0/stm32cubeide/plugins/com.st.stm32cube.ide.mcu.externaltools.gnu-tools-for-stm32.10.3-2021.10.win32_1.0.200.202301161003/tools/bin/../lib/gcc/arm-none-eabi/10.3.1/thumb/v7e-m+fp/hard\libgcc.a(_udivmoddi4.o)
                0x00000000080002b0                __udivmoddi4
 .text          0x0000000008000580        0x4 c:/st/stm32cubeide_1.12.0/stm32cubeide/plugins/com.st.stm32cube.ide.mcu.externaltools.gnu-tools-for-stm32.10.3-2021.10.win32_1.0.200.202301161003/tools/bin/../lib/gcc/arm-none-eabi/10.3.1/thumb/v7e-m+fp/hard\libgcc.a(_dvmd_tls.o)
                0x0000000008000580                __aeabi_idiv0
                0x0000000008000580                __aeabi_ldiv0
 *(.text*)
 .text.HAL_UART_RxCpltCallback
                0x0000000008000584       0xf0 ./Core/Src/UART0.o
                0x0000000008000584                HAL_UART_RxCpltCallback
 .text.is_full  0x0000000008000674       0x4c ./Core/Src/UART0.o
                0x0000000008000674                is_full
 .text.get_button
                0x00000000080006c0       0x6c ./Core/Src/button.o
                0x00000000080006c0                get_button
 .text.mode_check
                0x000000000800072c       0x90 ./Core/Src/dcmotor.o
                0x000000000800072c                mode_check
 .text.auto_drive
                0x00000000080007bc        0xe ./Core/Src/dcmotor.o
                0x00000000080007bc                auto_drive
 *fill*         0x00000000080007ca        0x2 
 .text.manual_mode_run
                0x00000000080007cc      0x110 ./Core/Src/dcmotor.o
                0x00000000080007cc                manual_mode_run
 .text.forward  0x00000000080008dc       0x38 ./Core/Src/dcmotor.o
                0x00000000080008dc                forward
 .text.backward
                0x0000000008000914       0x38 ./Core/Src/dcmotor.o
                0x0000000008000914                backward
 .text.turn_left
                0x000000000800094c       0x24 ./Core/Src/dcmotor.o
                0x000000000800094c                turn_left
 .text.turn_right
                0x0000000008000970       0x24 ./Core/Src/dcmotor.o
                0x0000000008000970                turn_right
 .text.stop     0x0000000008000994       0x3c ./Core/Src/dcmotor.o
                0x0000000008000994                stop
 .text.left_speed
                0x00000000080009d0       0x40 ./Core/Src/dcmotor.o
                0x00000000080009d0                left_speed
 .text.right_speed
                0x0000000008000a10       0x40 ./Core/Src/dcmotor.o
                0x0000000008000a10                right_speed
 .text.left_forward
                0x0000000008000a50       0x20 ./Core/Src/dcmotor.o
                0x0000000008000a50                left_forward
 .text.right_forward
                0x0000000008000a70       0x24 ./Core/Src/dcmotor.o
                0x0000000008000a70                right_forward
 .text.all_foward
                0x0000000008000a94       0x10 ./Core/Src/dcmotor.o
                0x0000000008000a94                all_foward
 .text.left_backward
                0x0000000008000aa4       0x20 ./Core/Src/dcmotor.o
                0x0000000008000aa4                left_backward
 .text.right_backward
                0x0000000008000ac4       0x24 ./Core/Src/dcmotor.o
                0x0000000008000ac4                right_backward
 .text.all_backward
                0x0000000008000ae8       0x10 ./Core/Src/dcmotor.o
                0x0000000008000ae8                all_backward
 .text.left_stop
                0x0000000008000af8        0xe ./Core/Src/dcmotor.o
                0x0000000008000af8                left_stop
 .text.right_stop
                0x0000000008000b06        0xe ./Core/Src/dcmotor.o
                0x0000000008000b06                right_stop
 .text.all_stop
                0x0000000008000b14       0x10 ./Core/Src/dcmotor.o
                0x0000000008000b14                all_stop
 .text.lcd_command
                0x0000000008000b24       0x68 ./Core/Src/i2c_lcd.o
                0x0000000008000b24                lcd_command
 .text.lcd_data
                0x0000000008000b8c       0x68 ./Core/Src/i2c_lcd.o
                0x0000000008000b8c                lcd_data
 .text.i2c_lcd_init
                0x0000000008000bf4       0x32 ./Core/Src/i2c_lcd.o
                0x0000000008000bf4                i2c_lcd_init
 .text.lcd_string
                0x0000000008000c26       0x2a ./Core/Src/i2c_lcd.o
                0x0000000008000c26                lcd_string
 .text.move_cursor
                0x0000000008000c50       0x30 ./Core/Src/i2c_lcd.o
                0x0000000008000c50                move_cursor
 .text.led_all_off
                0x0000000008000c80       0x18 ./Core/Src/led.o
                0x0000000008000c80                led_all_off
 .text.__io_putchar
                0x0000000008000c98       0x24 ./Core/Src/main.o
                0x0000000008000c98                __io_putchar
 .text.HAL_GPIO_EXTI_Callback
                0x0000000008000cbc       0x50 ./Core/Src/main.o
                0x0000000008000cbc                HAL_GPIO_EXTI_Callback
 .text.main     0x0000000008000d0c      0x13c ./Core/Src/main.o
                0x0000000008000d0c                main
 .text.SystemClock_Config
                0x0000000008000e48       0xd4 ./Core/Src/main.o
                0x0000000008000e48                SystemClock_Config
 .text.MX_NVIC_Init
                0x0000000008000f1c       0x18 ./Core/Src/main.o
 .text.MX_I2C1_Init
                0x0000000008000f34       0x5c ./Core/Src/main.o
 .text.MX_RTC_Init
                0x0000000008000f90       0xb4 ./Core/Src/main.o
 .text.MX_TIM1_Init
                0x0000000008001044      0x118 ./Core/Src/main.o
 .text.MX_TIM2_Init
                0x000000000800115c       0xec ./Core/Src/main.o
 .text.MX_TIM3_Init
                0x0000000008001248       0xc8 ./Core/Src/main.o
 .text.MX_TIM11_Init
                0x0000000008001310       0x48 ./Core/Src/main.o
 .text.MX_USART1_UART_Init
                0x0000000008001358       0x54 ./Core/Src/main.o
 .text.MX_USART2_UART_Init
                0x00000000080013ac       0x54 ./Core/Src/main.o
 .text.MX_GPIO_Init
                0x0000000008001400      0x140 ./Core/Src/main.o
 .text.StartDefaultTask
                0x0000000008001540       0x10 ./Core/Src/main.o
                0x0000000008001540                StartDefaultTask
 .text.StartAutoModeTask
                0x0000000008001550       0x14 ./Core/Src/main.o
                0x0000000008001550                StartAutoModeTask
 .text.StartManualModeTask
                0x0000000008001564       0x14 ./Core/Src/main.o
                0x0000000008001564                StartManualModeTask
 .text.StartMonitorTask
                0x0000000008001578       0x14 ./Core/Src/main.o
                0x0000000008001578                StartMonitorTask
 .text.HAL_TIM_PeriodElapsedCallback
                0x000000000800158c       0x5c ./Core/Src/main.o
                0x000000000800158c                HAL_TIM_PeriodElapsedCallback
 .text.Error_Handler
                0x00000000080015e8        0xa ./Core/Src/main.o
                0x00000000080015e8                Error_Handler
 *fill*         0x00000000080015f2        0x2 
 .text.HAL_MspInit
                0x00000000080015f4       0x58 ./Core/Src/stm32f4xx_hal_msp.o
                0x00000000080015f4                HAL_MspInit
 .text.HAL_I2C_MspInit
                0x000000000800164c       0x90 ./Core/Src/stm32f4xx_hal_msp.o
                0x000000000800164c                HAL_I2C_MspInit
 .text.HAL_RTC_MspInit
                0x00000000080016dc       0x58 ./Core/Src/stm32f4xx_hal_msp.o
                0x00000000080016dc                HAL_RTC_MspInit
 .text.HAL_TIM_Base_MspInit
                0x0000000008001734      0x124 ./Core/Src/stm32f4xx_hal_msp.o
                0x0000000008001734                HAL_TIM_Base_MspInit
 .text.HAL_TIM_PWM_MspInit
                0x0000000008001858       0x50 ./Core/Src/stm32f4xx_hal_msp.o
                0x0000000008001858                HAL_TIM_PWM_MspInit
 .text.HAL_TIM_MspPostInit
                0x00000000080018a8       0xc0 ./Core/Src/stm32f4xx_hal_msp.o
                0x00000000080018a8                HAL_TIM_MspPostInit
 .text.HAL_UART_MspInit
                0x0000000008001968      0x118 ./Core/Src/stm32f4xx_hal_msp.o
                0x0000000008001968                HAL_UART_MspInit
 .text.HAL_InitTick
                0x0000000008001a80       0xe4 ./Core/Src/stm32f4xx_hal_timebase_tim.o
                0x0000000008001a80                HAL_InitTick
 .text.NMI_Handler
                0x0000000008001b64        0x6 ./Core/Src/stm32f4xx_it.o
                0x0000000008001b64                NMI_Handler
 .text.HardFault_Handler
                0x0000000008001b6a        0x6 ./Core/Src/stm32f4xx_it.o
                0x0000000008001b6a                HardFault_Handler
 .text.MemManage_Handler
                0x0000000008001b70        0x6 ./Core/Src/stm32f4xx_it.o
                0x0000000008001b70                MemManage_Handler
 .text.BusFault_Handler
                0x0000000008001b76        0x6 ./Core/Src/stm32f4xx_it.o
                0x0000000008001b76                BusFault_Handler
 .text.UsageFault_Handler
                0x0000000008001b7c        0x6 ./Core/Src/stm32f4xx_it.o
                0x0000000008001b7c                UsageFault_Handler
 .text.DebugMon_Handler
                0x0000000008001b82        0xe ./Core/Src/stm32f4xx_it.o
                0x0000000008001b82                DebugMon_Handler
 .text.EXTI0_IRQHandler
                0x0000000008001b90        0xe ./Core/Src/stm32f4xx_it.o
                0x0000000008001b90                EXTI0_IRQHandler
 .text.EXTI1_IRQHandler
                0x0000000008001b9e        0xe ./Core/Src/stm32f4xx_it.o
                0x0000000008001b9e                EXTI1_IRQHandler
 .text.TIM1_BRK_TIM9_IRQHandler
                0x0000000008001bac       0x14 ./Core/Src/stm32f4xx_it.o
                0x0000000008001bac                TIM1_BRK_TIM9_IRQHandler
 .text.TIM1_UP_TIM10_IRQHandler
                0x0000000008001bc0       0x1c ./Core/Src/stm32f4xx_it.o
                0x0000000008001bc0                TIM1_UP_TIM10_IRQHandler
 .text.TIM1_TRG_COM_TIM11_IRQHandler
                0x0000000008001bdc       0x1c ./Core/Src/stm32f4xx_it.o
                0x0000000008001bdc                TIM1_TRG_COM_TIM11_IRQHandler
 .text.TIM1_CC_IRQHandler
                0x0000000008001bf8       0x14 ./Core/Src/stm32f4xx_it.o
                0x0000000008001bf8                TIM1_CC_IRQHandler
 .text.TIM2_IRQHandler
                0x0000000008001c0c       0x14 ./Core/Src/stm32f4xx_it.o
                0x0000000008001c0c                TIM2_IRQHandler
 .text.TIM3_IRQHandler
                0x0000000008001c20       0x14 ./Core/Src/stm32f4xx_it.o
                0x0000000008001c20                TIM3_IRQHandler
 .text.USART1_IRQHandler
                0x0000000008001c34       0x14 ./Core/Src/stm32f4xx_it.o
                0x0000000008001c34                USART1_IRQHandler
 .text.USART2_IRQHandler
                0x0000000008001c48       0x14 ./Core/Src/stm32f4xx_it.o
                0x0000000008001c48                USART2_IRQHandler
 .text._read    0x0000000008001c5c       0x3a ./Core/Src/syscalls.o
                0x0000000008001c5c                _read
 .text._write   0x0000000008001c96       0x38 ./Core/Src/syscalls.o
                0x0000000008001c96                _write
 .text._close   0x0000000008001cce       0x18 ./Core/Src/syscalls.o
                0x0000000008001cce                _close
 .text._fstat   0x0000000008001ce6       0x20 ./Core/Src/syscalls.o
                0x0000000008001ce6                _fstat
 .text._isatty  0x0000000008001d06       0x16 ./Core/Src/syscalls.o
                0x0000000008001d06                _isatty
 .text._lseek   0x0000000008001d1c       0x1a ./Core/Src/syscalls.o
                0x0000000008001d1c                _lseek
 *fill*         0x0000000008001d36        0x2 
 .text._sbrk    0x0000000008001d38       0x6c ./Core/Src/sysmem.o
                0x0000000008001d38                _sbrk
 .text.SystemInit
                0x0000000008001da4       0x24 ./Core/Src/system_stm32f4xx.o
                0x0000000008001da4                SystemInit
 .text.HAL_TIM_IC_CaptureCallback
                0x0000000008001dc8       0x68 ./Core/Src/ultrasonic.o
                0x0000000008001dc8                HAL_TIM_IC_CaptureCallback
 .text.Reset_Handler
                0x0000000008001e30       0x50 ./Core/Startup/startup_stm32f411retx.o
                0x0000000008001e30                Reset_Handler
 .text.Default_Handler
                0x0000000008001e80        0x2 ./Core/Startup/startup_stm32f411retx.o
                0x0000000008001e80                RTC_Alarm_IRQHandler
                0x0000000008001e80                EXTI2_IRQHandler
                0x0000000008001e80                SPI4_IRQHandler
                0x0000000008001e80                DMA2_Stream5_IRQHandler
                0x0000000008001e80                DMA1_Stream5_IRQHandler
                0x0000000008001e80                PVD_IRQHandler
                0x0000000008001e80                SDIO_IRQHandler
                0x0000000008001e80                TAMP_STAMP_IRQHandler
                0x0000000008001e80                EXTI3_IRQHandler
                0x0000000008001e80                I2C3_ER_IRQHandler
                0x0000000008001e80                I2C2_EV_IRQHandler
                0x0000000008001e80                DMA1_Stream2_IRQHandler
                0x0000000008001e80                FPU_IRQHandler
                0x0000000008001e80                DMA2_Stream2_IRQHandler
                0x0000000008001e80                SPI1_IRQHandler
                0x0000000008001e80                DMA2_Stream3_IRQHandler
                0x0000000008001e80                USART6_IRQHandler
                0x0000000008001e80                DMA2_Stream0_IRQHandler
                0x0000000008001e80                TIM4_IRQHandler
                0x0000000008001e80                I2C1_EV_IRQHandler
                0x0000000008001e80                DMA1_Stream6_IRQHandler
                0x0000000008001e80                DMA1_Stream1_IRQHandler
                0x0000000008001e80                RCC_IRQHandler
                0x0000000008001e80                Default_Handler
                0x0000000008001e80                EXTI15_10_IRQHandler
                0x0000000008001e80                ADC_IRQHandler
                0x0000000008001e80                DMA1_Stream7_IRQHandler
                0x0000000008001e80                SPI5_IRQHandler
                0x0000000008001e80                TIM5_IRQHandler
                0x0000000008001e80                DMA2_Stream7_IRQHandler
                0x0000000008001e80                I2C3_EV_IRQHandler
                0x0000000008001e80                EXTI9_5_IRQHandler
                0x0000000008001e80                RTC_WKUP_IRQHandler
                0x0000000008001e80                SPI2_IRQHandler
                0x0000000008001e80                DMA1_Stream0_IRQHandler
                0x0000000008001e80                EXTI4_IRQHandler
                0x0000000008001e80                WWDG_IRQHandler
                0x0000000008001e80                OTG_FS_WKUP_IRQHandler
                0x0000000008001e80                I2C2_ER_IRQHandler
                0x0000000008001e80                DMA2_Stream1_IRQHandler
                0x0000000008001e80                FLASH_IRQHandler
                0x0000000008001e80                DMA2_Stream4_IRQHandler
                0x0000000008001e80                OTG_FS_IRQHandler
                0x0000000008001e80                SPI3_IRQHandler
                0x0000000008001e80                DMA1_Stream4_IRQHandler
                0x0000000008001e80                I2C1_ER_IRQHandler
                0x0000000008001e80                DMA2_Stream6_IRQHandler
                0x0000000008001e80                DMA1_Stream3_IRQHandler
 *fill*         0x0000000008001e82        0x2 
 .text.HAL_Init
                0x0000000008001e84       0x44 ./Drivers/STM32F4xx_HAL_Driver/Src/stm32f4xx_hal.o
                0x0000000008001e84                HAL_Init
 .text.HAL_IncTick
                0x0000000008001ec8       0x28 ./Drivers/STM32F4xx_HAL_Driver/Src/stm32f4xx_hal.o
                0x0000000008001ec8                HAL_IncTick
 .text.HAL_GetTick
                0x0000000008001ef0       0x18 ./Drivers/STM32F4xx_HAL_Driver/Src/stm32f4xx_hal.o
                0x0000000008001ef0                HAL_GetTick
 .text.HAL_Delay
                0x0000000008001f08       0x48 ./Drivers/STM32F4xx_HAL_Driver/Src/stm32f4xx_hal.o
                0x0000000008001f08                HAL_Delay
 .text.__NVIC_SetPriorityGrouping
                0x0000000008001f50       0x48 ./Drivers/STM32F4xx_HAL_Driver/Src/stm32f4xx_hal_cortex.o
 .text.__NVIC_GetPriorityGrouping
                0x0000000008001f98       0x1c ./Drivers/STM32F4xx_HAL_Driver/Src/stm32f4xx_hal_cortex.o
 .text.__NVIC_EnableIRQ
                0x0000000008001fb4       0x3c ./Drivers/STM32F4xx_HAL_Driver/Src/stm32f4xx_hal_cortex.o
 .text.__NVIC_SetPriority
                0x0000000008001ff0       0x54 ./Drivers/STM32F4xx_HAL_Driver/Src/stm32f4xx_hal_cortex.o
 .text.NVIC_EncodePriority
                0x0000000008002044       0x66 ./Drivers/STM32F4xx_HAL_Driver/Src/stm32f4xx_hal_cortex.o
 .text.HAL_NVIC_SetPriorityGrouping
                0x00000000080020aa       0x16 ./Drivers/STM32F4xx_HAL_Driver/Src/stm32f4xx_hal_cortex.o
                0x00000000080020aa                HAL_NVIC_SetPriorityGrouping
 .text.HAL_NVIC_SetPriority
                0x00000000080020c0       0x38 ./Drivers/STM32F4xx_HAL_Driver/Src/stm32f4xx_hal_cortex.o
                0x00000000080020c0                HAL_NVIC_SetPriority
 .text.HAL_NVIC_EnableIRQ
                0x00000000080020f8       0x1c ./Drivers/STM32F4xx_HAL_Driver/Src/stm32f4xx_hal_cortex.o
                0x00000000080020f8                HAL_NVIC_EnableIRQ
 .text.HAL_DMA_Abort
                0x0000000008002114       0xe0 ./Drivers/STM32F4xx_HAL_Driver/Src/stm32f4xx_hal_dma.o
                0x0000000008002114                HAL_DMA_Abort
 .text.HAL_DMA_Abort_IT
                0x00000000080021f4       0x44 ./Drivers/STM32F4xx_HAL_Driver/Src/stm32f4xx_hal_dma.o
                0x00000000080021f4                HAL_DMA_Abort_IT
 .text.HAL_GPIO_Init
                0x0000000008002238      0x308 ./Drivers/STM32F4xx_HAL_Driver/Src/stm32f4xx_hal_gpio.o
                0x0000000008002238                HAL_GPIO_Init
 .text.HAL_GPIO_ReadPin
                0x0000000008002540       0x30 ./Drivers/STM32F4xx_HAL_Driver/Src/stm32f4xx_hal_gpio.o
                0x0000000008002540                HAL_GPIO_ReadPin
 .text.HAL_GPIO_WritePin
                0x0000000008002570       0x32 ./Drivers/STM32F4xx_HAL_Driver/Src/stm32f4xx_hal_gpio.o
                0x0000000008002570                HAL_GPIO_WritePin
 *fill*         0x00000000080025a2        0x2 
 .text.HAL_GPIO_EXTI_IRQHandler
                0x00000000080025a4       0x30 ./Drivers/STM32F4xx_HAL_Driver/Src/stm32f4xx_hal_gpio.o
                0x00000000080025a4                HAL_GPIO_EXTI_IRQHandler
 .text.HAL_I2C_Init
                0x00000000080025d4      0x288 ./Drivers/STM32F4xx_HAL_Driver/Src/stm32f4xx_hal_i2c.o
                0x00000000080025d4                HAL_I2C_Init
 .text.HAL_I2C_Master_Transmit
                0x000000000800285c      0x1fc ./Drivers/STM32F4xx_HAL_Driver/Src/stm32f4xx_hal_i2c.o
                0x000000000800285c                HAL_I2C_Master_Transmit
 .text.I2C_MasterRequestWrite
                0x0000000008002a58      0x104 ./Drivers/STM32F4xx_HAL_Driver/Src/stm32f4xx_hal_i2c.o
 .text.I2C_WaitOnFlagUntilTimeout
                0x0000000008002b5c       0xae ./Drivers/STM32F4xx_HAL_Driver/Src/stm32f4xx_hal_i2c.o
 .text.I2C_WaitOnMasterAddressFlagUntilTimeout
                0x0000000008002c0a       0xfe ./Drivers/STM32F4xx_HAL_Driver/Src/stm32f4xx_hal_i2c.o
 .text.I2C_WaitOnTXEFlagUntilTimeout
                0x0000000008002d08       0x82 ./Drivers/STM32F4xx_HAL_Driver/Src/stm32f4xx_hal_i2c.o
 .text.I2C_WaitOnBTFFlagUntilTimeout
                0x0000000008002d8a       0x82 ./Drivers/STM32F4xx_HAL_Driver/Src/stm32f4xx_hal_i2c.o
 .text.I2C_IsAcknowledgeFailed
                0x0000000008002e0c       0x5e ./Drivers/STM32F4xx_HAL_Driver/Src/stm32f4xx_hal_i2c.o
 *fill*         0x0000000008002e6a        0x2 
 .text.HAL_RCC_OscConfig
                0x0000000008002e6c      0x4f0 ./Drivers/STM32F4xx_HAL_Driver/Src/stm32f4xx_hal_rcc.o
                0x0000000008002e6c                HAL_RCC_OscConfig
 .text.HAL_RCC_ClockConfig
                0x000000000800335c      0x1cc ./Drivers/STM32F4xx_HAL_Driver/Src/stm32f4xx_hal_rcc.o
                0x000000000800335c                HAL_RCC_ClockConfig
 .text.HAL_RCC_GetSysClockFreq
                0x0000000008003528      0x20c ./Drivers/STM32F4xx_HAL_Driver/Src/stm32f4xx_hal_rcc.o
                0x0000000008003528                HAL_RCC_GetSysClockFreq
 .text.HAL_RCC_GetHCLKFreq
                0x0000000008003734       0x18 ./Drivers/STM32F4xx_HAL_Driver/Src/stm32f4xx_hal_rcc.o
                0x0000000008003734                HAL_RCC_GetHCLKFreq
 .text.HAL_RCC_GetPCLK1Freq
                0x000000000800374c       0x28 ./Drivers/STM32F4xx_HAL_Driver/Src/stm32f4xx_hal_rcc.o
                0x000000000800374c                HAL_RCC_GetPCLK1Freq
 .text.HAL_RCC_GetPCLK2Freq
                0x0000000008003774       0x28 ./Drivers/STM32F4xx_HAL_Driver/Src/stm32f4xx_hal_rcc.o
                0x0000000008003774                HAL_RCC_GetPCLK2Freq
 .text.HAL_RCC_GetClockConfig
                0x000000000800379c       0x64 ./Drivers/STM32F4xx_HAL_Driver/Src/stm32f4xx_hal_rcc.o
                0x000000000800379c                HAL_RCC_GetClockConfig
 .text.HAL_RCCEx_PeriphCLKConfig
                0x0000000008003800      0x1e0 ./Drivers/STM32F4xx_HAL_Driver/Src/stm32f4xx_hal_rcc_ex.o
                0x0000000008003800                HAL_RCCEx_PeriphCLKConfig
 .text.HAL_RTC_Init
                0x00000000080039e0       0xec ./Drivers/STM32F4xx_HAL_Driver/Src/stm32f4xx_hal_rtc.o
                0x00000000080039e0                HAL_RTC_Init
 .text.HAL_RTC_SetTime
                0x0000000008003acc      0x134 ./Drivers/STM32F4xx_HAL_Driver/Src/stm32f4xx_hal_rtc.o
                0x0000000008003acc                HAL_RTC_SetTime
 .text.HAL_RTC_SetDate
                0x0000000008003c00      0x108 ./Drivers/STM32F4xx_HAL_Driver/Src/stm32f4xx_hal_rtc.o
                0x0000000008003c00                HAL_RTC_SetDate
 .text.HAL_RTC_WaitForSynchro
                0x0000000008003d08       0x50 ./Drivers/STM32F4xx_HAL_Driver/Src/stm32f4xx_hal_rtc.o
                0x0000000008003d08                HAL_RTC_WaitForSynchro
 .text.RTC_EnterInitMode
                0x0000000008003d58       0x6e ./Drivers/STM32F4xx_HAL_Driver/Src/stm32f4xx_hal_rtc.o
                0x0000000008003d58                RTC_EnterInitMode
 .text.RTC_ExitInitMode
                0x0000000008003dc6       0x4a ./Drivers/STM32F4xx_HAL_Driver/Src/stm32f4xx_hal_rtc.o
                0x0000000008003dc6                RTC_ExitInitMode
 .text.RTC_ByteToBcd2
                0x0000000008003e10       0x3a ./Drivers/STM32F4xx_HAL_Driver/Src/stm32f4xx_hal_rtc.o
                0x0000000008003e10                RTC_ByteToBcd2
 .text.HAL_TIM_Base_Init
                0x0000000008003e4a       0x9e ./Drivers/STM32F4xx_HAL_Driver/Src/stm32f4xx_hal_tim.o
                0x0000000008003e4a                HAL_TIM_Base_Init
 .text.HAL_TIM_Base_Start_IT
                0x0000000008003ee8       0xc4 ./Drivers/STM32F4xx_HAL_Driver/Src/stm32f4xx_hal_tim.o
                0x0000000008003ee8                HAL_TIM_Base_Start_IT
 .text.HAL_TIM_PWM_Init
                0x0000000008003fac       0x9e ./Drivers/STM32F4xx_HAL_Driver/Src/stm32f4xx_hal_tim.o
                0x0000000008003fac                HAL_TIM_PWM_Init
 *fill*         0x000000000800404a        0x2 
 .text.HAL_TIM_PWM_Start
                0x000000000800404c      0x160 ./Drivers/STM32F4xx_HAL_Driver/Src/stm32f4xx_hal_tim.o
                0x000000000800404c                HAL_TIM_PWM_Start
 .text.HAL_TIM_PWM_Stop
                0x00000000080041ac       0xc8 ./Drivers/STM32F4xx_HAL_Driver/Src/stm32f4xx_hal_tim.o
                0x00000000080041ac                HAL_TIM_PWM_Stop
 .text.HAL_TIM_PWM_Start_IT
                0x0000000008004274      0x1fc ./Drivers/STM32F4xx_HAL_Driver/Src/stm32f4xx_hal_tim.o
                0x0000000008004274                HAL_TIM_PWM_Start_IT
 .text.HAL_TIM_IC_Init
                0x0000000008004470       0x9e ./Drivers/STM32F4xx_HAL_Driver/Src/stm32f4xx_hal_tim.o
                0x0000000008004470                HAL_TIM_IC_Init
 .text.HAL_TIM_IC_MspInit
                0x000000000800450e       0x14 ./Drivers/STM32F4xx_HAL_Driver/Src/stm32f4xx_hal_tim.o
                0x000000000800450e                HAL_TIM_IC_MspInit
 *fill*         0x0000000008004522        0x2 
 .text.HAL_TIM_IC_Start_IT
                0x0000000008004524      0x234 ./Drivers/STM32F4xx_HAL_Driver/Src/stm32f4xx_hal_tim.o
                0x0000000008004524                HAL_TIM_IC_Start_IT
 .text.HAL_TIM_IRQHandler
                0x0000000008004758      0x210 ./Drivers/STM32F4xx_HAL_Driver/Src/stm32f4xx_hal_tim.o
                0x0000000008004758                HAL_TIM_IRQHandler
 .text.HAL_TIM_IC_ConfigChannel
                0x0000000008004968      0x138 ./Drivers/STM32F4xx_HAL_Driver/Src/stm32f4xx_hal_tim.o
                0x0000000008004968                HAL_TIM_IC_ConfigChannel
 .text.HAL_TIM_PWM_ConfigChannel
                0x0000000008004aa0      0x184 ./Drivers/STM32F4xx_HAL_Driver/Src/stm32f4xx_hal_tim.o
                0x0000000008004aa0                HAL_TIM_PWM_ConfigChannel
 .text.HAL_TIM_ConfigClockSource
                0x0000000008004c24      0x18e ./Drivers/STM32F4xx_HAL_Driver/Src/stm32f4xx_hal_tim.o
                0x0000000008004c24                HAL_TIM_ConfigClockSource
 *fill*         0x0000000008004db2        0x2 
 .text.HAL_TIM_ReadCapturedValue
                0x0000000008004db4       0x88 ./Drivers/STM32F4xx_HAL_Driver/Src/stm32f4xx_hal_tim.o
                0x0000000008004db4                HAL_TIM_ReadCapturedValue
 .text.HAL_TIM_OC_DelayElapsedCallback
                0x0000000008004e3c       0x14 ./Drivers/STM32F4xx_HAL_Driver/Src/stm32f4xx_hal_tim.o
                0x0000000008004e3c                HAL_TIM_OC_DelayElapsedCallback
 .text.HAL_TIM_PWM_PulseFinishedCallback
                0x0000000008004e50       0x14 ./Drivers/STM32F4xx_HAL_Driver/Src/stm32f4xx_hal_tim.o
                0x0000000008004e50                HAL_TIM_PWM_PulseFinishedCallback
 .text.HAL_TIM_TriggerCallback
                0x0000000008004e64       0x14 ./Drivers/STM32F4xx_HAL_Driver/Src/stm32f4xx_hal_tim.o
                0x0000000008004e64                HAL_TIM_TriggerCallback
 .text.TIM_Base_SetConfig
                0x0000000008004e78      0x100 ./Drivers/STM32F4xx_HAL_Driver/Src/stm32f4xx_hal_tim.o
                0x0000000008004e78                TIM_Base_SetConfig
 .text.TIM_OC1_SetConfig
                0x0000000008004f78       0xcc ./Drivers/STM32F4xx_HAL_Driver/Src/stm32f4xx_hal_tim.o
 .text.TIM_OC2_SetConfig
                0x0000000008005044       0xd8 ./Drivers/STM32F4xx_HAL_Driver/Src/stm32f4xx_hal_tim.o
                0x0000000008005044                TIM_OC2_SetConfig
 .text.TIM_OC3_SetConfig
                0x000000000800511c       0xd4 ./Drivers/STM32F4xx_HAL_Driver/Src/stm32f4xx_hal_tim.o
 .text.TIM_OC4_SetConfig
                0x00000000080051f0       0xa0 ./Drivers/STM32F4xx_HAL_Driver/Src/stm32f4xx_hal_tim.o
 .text.TIM_TI1_SetConfig
                0x0000000008005290       0xd0 ./Drivers/STM32F4xx_HAL_Driver/Src/stm32f4xx_hal_tim.o
                0x0000000008005290                TIM_TI1_SetConfig
 .text.TIM_TI1_ConfigInputStage
                0x0000000008005360       0x5e ./Drivers/STM32F4xx_HAL_Driver/Src/stm32f4xx_hal_tim.o
 .text.TIM_TI2_SetConfig
                0x00000000080053be       0x7a ./Drivers/STM32F4xx_HAL_Driver/Src/stm32f4xx_hal_tim.o
 .text.TIM_TI2_ConfigInputStage
                0x0000000008005438       0x60 ./Drivers/STM32F4xx_HAL_Driver/Src/stm32f4xx_hal_tim.o
 .text.TIM_TI3_SetConfig
                0x0000000008005498       0x78 ./Drivers/STM32F4xx_HAL_Driver/Src/stm32f4xx_hal_tim.o
 .text.TIM_TI4_SetConfig
                0x0000000008005510       0x7a ./Drivers/STM32F4xx_HAL_Driver/Src/stm32f4xx_hal_tim.o
 .text.TIM_ITRx_SetConfig
                0x000000000800558a       0x36 ./Drivers/STM32F4xx_HAL_Driver/Src/stm32f4xx_hal_tim.o
 .text.TIM_ETR_SetConfig
                0x00000000080055c0       0x40 ./Drivers/STM32F4xx_HAL_Driver/Src/stm32f4xx_hal_tim.o
                0x00000000080055c0                TIM_ETR_SetConfig
 .text.TIM_CCxChannelCmd
                0x0000000008005600       0x4a ./Drivers/STM32F4xx_HAL_Driver/Src/stm32f4xx_hal_tim.o
                0x0000000008005600                TIM_CCxChannelCmd
 *fill*         0x000000000800564a        0x2 
 .text.HAL_TIMEx_MasterConfigSynchronization
                0x000000000800564c       0xdc ./Drivers/STM32F4xx_HAL_Driver/Src/stm32f4xx_hal_tim_ex.o
                0x000000000800564c                HAL_TIMEx_MasterConfigSynchronization
 .text.HAL_TIMEx_CommutCallback
                0x0000000008005728       0x14 ./Drivers/STM32F4xx_HAL_Driver/Src/stm32f4xx_hal_tim_ex.o
                0x0000000008005728                HAL_TIMEx_CommutCallback
 .text.HAL_TIMEx_BreakCallback
                0x000000000800573c       0x14 ./Drivers/STM32F4xx_HAL_Driver/Src/stm32f4xx_hal_tim_ex.o
                0x000000000800573c                HAL_TIMEx_BreakCallback
 .text.HAL_UART_Init
                0x0000000008005750       0x9a ./Drivers/STM32F4xx_HAL_Driver/Src/stm32f4xx_hal_uart.o
                0x0000000008005750                HAL_UART_Init
 .text.HAL_UART_Transmit
                0x00000000080057ea      0x124 ./Drivers/STM32F4xx_HAL_Driver/Src/stm32f4xx_hal_uart.o
                0x00000000080057ea                HAL_UART_Transmit
 .text.HAL_UART_Receive_IT
                0x000000000800590e       0x60 ./Drivers/STM32F4xx_HAL_Driver/Src/stm32f4xx_hal_uart.o
                0x000000000800590e                HAL_UART_Receive_IT
 *fill*         0x000000000800596e        0x2 
 .text.HAL_UART_IRQHandler
                0x0000000008005970      0x51c ./Drivers/STM32F4xx_HAL_Driver/Src/stm32f4xx_hal_uart.o
                0x0000000008005970                HAL_UART_IRQHandler
 .text.HAL_UART_TxCpltCallback
                0x0000000008005e8c       0x14 ./Drivers/STM32F4xx_HAL_Driver/Src/stm32f4xx_hal_uart.o
                0x0000000008005e8c                HAL_UART_TxCpltCallback
 .text.HAL_UART_ErrorCallback
                0x0000000008005ea0       0x14 ./Drivers/STM32F4xx_HAL_Driver/Src/stm32f4xx_hal_uart.o
                0x0000000008005ea0                HAL_UART_ErrorCallback
 .text.HAL_UARTEx_RxEventCallback
                0x0000000008005eb4       0x18 ./Drivers/STM32F4xx_HAL_Driver/Src/stm32f4xx_hal_uart.o
                0x0000000008005eb4                HAL_UARTEx_RxEventCallback
 .text.UART_WaitOnFlagUntilTimeout
                0x0000000008005ecc       0xdc ./Drivers/STM32F4xx_HAL_Driver/Src/stm32f4xx_hal_uart.o
 .text.UART_Start_Receive_IT
                0x0000000008005fa8       0x7c ./Drivers/STM32F4xx_HAL_Driver/Src/stm32f4xx_hal_uart.o
                0x0000000008005fa8                UART_Start_Receive_IT
 .text.UART_EndRxTransfer
                0x0000000008006024       0xc6 ./Drivers/STM32F4xx_HAL_Driver/Src/stm32f4xx_hal_uart.o
 .text.UART_DMAAbortOnError
                0x00000000080060ea       0x28 ./Drivers/STM32F4xx_HAL_Driver/Src/stm32f4xx_hal_uart.o
 .text.UART_Transmit_IT
                0x0000000008006112       0xa0 ./Drivers/STM32F4xx_HAL_Driver/Src/stm32f4xx_hal_uart.o
 .text.UART_EndTransmit_IT
                0x00000000080061b2       0x30 ./Drivers/STM32F4xx_HAL_Driver/Src/stm32f4xx_hal_uart.o
 .text.UART_Receive_IT
                0x00000000080061e2      0x176 ./Drivers/STM32F4xx_HAL_Driver/Src/stm32f4xx_hal_uart.o
 .text.UART_SetConfig
                0x0000000008006358      0x4e8 ./Drivers/STM32F4xx_HAL_Driver/Src/stm32f4xx_hal_uart.o
 .text.__NVIC_SetPriority
                0x0000000008006840       0x54 ./Middlewares/Third_Party/FreeRTOS/Source/CMSIS_RTOS_V2/cmsis_os2.o
 .text.SysTick_Handler
                0x0000000008006894       0x20 ./Middlewares/Third_Party/FreeRTOS/Source/CMSIS_RTOS_V2/cmsis_os2.o
                0x0000000008006894                SysTick_Handler
 .text.SVC_Setup
                0x00000000080068b4       0x12 ./Middlewares/Third_Party/FreeRTOS/Source/CMSIS_RTOS_V2/cmsis_os2.o
 *fill*         0x00000000080068c6        0x2 
 .text.osKernelInitialize
                0x00000000080068c8       0x48 ./Middlewares/Third_Party/FreeRTOS/Source/CMSIS_RTOS_V2/cmsis_os2.o
                0x00000000080068c8                osKernelInitialize
 .text.osKernelStart
                0x0000000008006910       0x4c ./Middlewares/Third_Party/FreeRTOS/Source/CMSIS_RTOS_V2/cmsis_os2.o
                0x0000000008006910                osKernelStart
 .text.osThreadNew
                0x000000000800695c      0x124 ./Middlewares/Third_Party/FreeRTOS/Source/CMSIS_RTOS_V2/cmsis_os2.o
                0x000000000800695c                osThreadNew
 .text.osDelay  0x0000000008006a80       0x36 ./Middlewares/Third_Party/FreeRTOS/Source/CMSIS_RTOS_V2/cmsis_os2.o
                0x0000000008006a80                osDelay
 .text.osMutexNew
                0x0000000008006ab6      0x10c ./Middlewares/Third_Party/FreeRTOS/Source/CMSIS_RTOS_V2/cmsis_os2.o
                0x0000000008006ab6                osMutexNew
 .text.osMutexAcquire
                0x0000000008006bc2       0x96 ./Middlewares/Third_Party/FreeRTOS/Source/CMSIS_RTOS_V2/cmsis_os2.o
                0x0000000008006bc2                osMutexAcquire
 .text.osMutexRelease
                0x0000000008006c58       0x7a ./Middlewares/Third_Party/FreeRTOS/Source/CMSIS_RTOS_V2/cmsis_os2.o
                0x0000000008006c58                osMutexRelease
 *fill*         0x0000000008006cd2        0x2 
 .text.vApplicationGetIdleTaskMemory
                0x0000000008006cd4       0x34 ./Middlewares/Third_Party/FreeRTOS/Source/CMSIS_RTOS_V2/cmsis_os2.o
                0x0000000008006cd4                vApplicationGetIdleTaskMemory
 .text.vApplicationGetTimerTaskMemory
                0x0000000008006d08       0x34 ./Middlewares/Third_Party/FreeRTOS/Source/CMSIS_RTOS_V2/cmsis_os2.o
                0x0000000008006d08                vApplicationGetTimerTaskMemory
 .text.vListInitialise
                0x0000000008006d3c       0x40 ./Middlewares/Third_Party/FreeRTOS/Source/list.o
                0x0000000008006d3c                vListInitialise
 .text.vListInitialiseItem
                0x0000000008006d7c       0x1a ./Middlewares/Third_Party/FreeRTOS/Source/list.o
                0x0000000008006d7c                vListInitialiseItem
 .text.vListInsertEnd
                0x0000000008006d96       0x48 ./Middlewares/Third_Party/FreeRTOS/Source/list.o
                0x0000000008006d96                vListInsertEnd
 .text.vListInsert
                0x0000000008006dde       0x72 ./Middlewares/Third_Party/FreeRTOS/Source/list.o
                0x0000000008006dde                vListInsert
 .text.uxListRemove
                0x0000000008006e50       0x54 ./Middlewares/Third_Party/FreeRTOS/Source/list.o
                0x0000000008006e50                uxListRemove
 .text.xQueueGenericReset
                0x0000000008006ea4       0xd0 ./Middlewares/Third_Party/FreeRTOS/Source/queue.o
                0x0000000008006ea4                xQueueGenericReset
 .text.xQueueGenericCreateStatic
                0x0000000008006f74       0xf0 ./Middlewares/Third_Party/FreeRTOS/Source/queue.o
                0x0000000008006f74                xQueueGenericCreateStatic
 .text.xQueueGenericCreate
                0x0000000008007064       0x74 ./Middlewares/Third_Party/FreeRTOS/Source/queue.o
                0x0000000008007064                xQueueGenericCreate
 .text.prvInitialiseNewQueue
                0x00000000080070d8       0x46 ./Middlewares/Third_Party/FreeRTOS/Source/queue.o
 .text.prvInitialiseMutex
                0x000000000800711e       0x34 ./Middlewares/Third_Party/FreeRTOS/Source/queue.o
 .text.xQueueCreateMutex
                0x0000000008007152       0x30 ./Middlewares/Third_Party/FreeRTOS/Source/queue.o
                0x0000000008007152                xQueueCreateMutex
 .text.xQueueCreateMutexStatic
                0x0000000008007182       0x36 ./Middlewares/Third_Party/FreeRTOS/Source/queue.o
                0x0000000008007182                xQueueCreateMutexStatic
 .text.xQueueGiveMutexRecursive
                0x00000000080071b8       0x68 ./Middlewares/Third_Party/FreeRTOS/Source/queue.o
                0x00000000080071b8                xQueueGiveMutexRecursive
 .text.xQueueTakeMutexRecursive
                0x0000000008007220       0x6c ./Middlewares/Third_Party/FreeRTOS/Source/queue.o
                0x0000000008007220                xQueueTakeMutexRecursive
 .text.xQueueGenericSend
                0x000000000800728c      0x1fc ./Middlewares/Third_Party/FreeRTOS/Source/queue.o
                0x000000000800728c                xQueueGenericSend
 .text.xQueueGenericSendFromISR
                0x0000000008007488      0x136 ./Middlewares/Third_Party/FreeRTOS/Source/queue.o
                0x0000000008007488                xQueueGenericSendFromISR
 *fill*         0x00000000080075be        0x2 
 .text.xQueueReceive
                0x00000000080075c0      0x1c0 ./Middlewares/Third_Party/FreeRTOS/Source/queue.o
                0x00000000080075c0                xQueueReceive
 .text.xQueueSemaphoreTake
                0x0000000008007780      0x218 ./Middlewares/Third_Party/FreeRTOS/Source/queue.o
                0x0000000008007780                xQueueSemaphoreTake
 .text.prvGetDisinheritPriorityAfterTimeout
                0x0000000008007998       0x30 ./Middlewares/Third_Party/FreeRTOS/Source/queue.o
 .text.prvCopyDataToQueue
                0x00000000080079c8       0xd4 ./Middlewares/Third_Party/FreeRTOS/Source/queue.o
 .text.prvCopyDataFromQueue
                0x0000000008007a9c       0x4c ./Middlewares/Third_Party/FreeRTOS/Source/queue.o
 .text.prvUnlockQueue
                0x0000000008007ae8       0xa4 ./Middlewares/Third_Party/FreeRTOS/Source/queue.o
 .text.prvIsQueueEmpty
                0x0000000008007b8c       0x2c ./Middlewares/Third_Party/FreeRTOS/Source/queue.o
 .text.prvIsQueueFull
                0x0000000008007bb8       0x30 ./Middlewares/Third_Party/FreeRTOS/Source/queue.o
 .text.vQueueAddToRegistry
                0x0000000008007be8       0x54 ./Middlewares/Third_Party/FreeRTOS/Source/queue.o
                0x0000000008007be8                vQueueAddToRegistry
 .text.vQueueWaitForMessageRestricted
                0x0000000008007c3c       0x68 ./Middlewares/Third_Party/FreeRTOS/Source/queue.o
                0x0000000008007c3c                vQueueWaitForMessageRestricted
 .text.xTaskCreateStatic
                0x0000000008007ca4       0xba ./Middlewares/Third_Party/FreeRTOS/Source/tasks.o
                0x0000000008007ca4                xTaskCreateStatic
 .text.xTaskCreate
                0x0000000008007d5e       0x8a ./Middlewares/Third_Party/FreeRTOS/Source/tasks.o
                0x0000000008007d5e                xTaskCreate
 .text.prvInitialiseNewTask
                0x0000000008007de8      0x14c ./Middlewares/Third_Party/FreeRTOS/Source/tasks.o
 .text.prvAddNewTaskToReadyList
                0x0000000008007f34       0xe0 ./Middlewares/Third_Party/FreeRTOS/Source/tasks.o
 .text.vTaskDelay
                0x0000000008008014       0x68 ./Middlewares/Third_Party/FreeRTOS/Source/tasks.o
                0x0000000008008014                vTaskDelay
 .text.vTaskStartScheduler
                0x000000000800807c       0xe0 ./Middlewares/Third_Party/FreeRTOS/Source/tasks.o
                0x000000000800807c                vTaskStartScheduler
 .text.vTaskSuspendAll
                0x000000000800815c       0x1c ./Middlewares/Third_Party/FreeRTOS/Source/tasks.o
                0x000000000800815c                vTaskSuspendAll
 .text.xTaskResumeAll
                0x0000000008008178      0x13c ./Middlewares/Third_Party/FreeRTOS/Source/tasks.o
                0x0000000008008178                xTaskResumeAll
 .text.xTaskGetTickCount
                0x00000000080082b4       0x20 ./Middlewares/Third_Party/FreeRTOS/Source/tasks.o
                0x00000000080082b4                xTaskGetTickCount
 .text.xTaskIncrementTick
                0x00000000080082d4      0x174 ./Middlewares/Third_Party/FreeRTOS/Source/tasks.o
                0x00000000080082d4                xTaskIncrementTick
 .text.vTaskSwitchContext
                0x0000000008008448       0xc8 ./Middlewares/Third_Party/FreeRTOS/Source/tasks.o
                0x0000000008008448                vTaskSwitchContext
 .text.vTaskPlaceOnEventList
                0x0000000008008510       0x48 ./Middlewares/Third_Party/FreeRTOS/Source/tasks.o
                0x0000000008008510                vTaskPlaceOnEventList
 .text.vTaskPlaceOnEventListRestricted
                0x0000000008008558       0x58 ./Middlewares/Third_Party/FreeRTOS/Source/tasks.o
                0x0000000008008558                vTaskPlaceOnEventListRestricted
 .text.xTaskRemoveFromEventList
                0x00000000080085b0       0xc8 ./Middlewares/Third_Party/FreeRTOS/Source/tasks.o
                0x00000000080085b0                xTaskRemoveFromEventList
 .text.vTaskInternalSetTimeOutState
                0x0000000008008678       0x2c ./Middlewares/Third_Party/FreeRTOS/Source/tasks.o
                0x0000000008008678                vTaskInternalSetTimeOutState
 .text.xTaskCheckForTimeOut
                0x00000000080086a4       0xc4 ./Middlewares/Third_Party/FreeRTOS/Source/tasks.o
                0x00000000080086a4                xTaskCheckForTimeOut
 .text.vTaskMissedYield
                0x0000000008008768       0x18 ./Middlewares/Third_Party/FreeRTOS/Source/tasks.o
                0x0000000008008768                vTaskMissedYield
 .text.prvIdleTask
                0x0000000008008780       0x30 ./Middlewares/Third_Party/FreeRTOS/Source/tasks.o
 .text.prvInitialiseTaskLists
                0x00000000080087b0       0x80 ./Middlewares/Third_Party/FreeRTOS/Source/tasks.o
 .text.prvCheckTasksWaitingTermination
                0x0000000008008830       0x5c ./Middlewares/Third_Party/FreeRTOS/Source/tasks.o
 .text.prvDeleteTCB
                0x000000000800888c       0x68 ./Middlewares/Third_Party/FreeRTOS/Source/tasks.o
 .text.prvResetNextTaskUnblockTime
                0x00000000080088f4       0x40 ./Middlewares/Third_Party/FreeRTOS/Source/tasks.o
 .text.xTaskGetCurrentTaskHandle
                0x0000000008008934       0x20 ./Middlewares/Third_Party/FreeRTOS/Source/tasks.o
                0x0000000008008934                xTaskGetCurrentTaskHandle
 .text.xTaskGetSchedulerState
                0x0000000008008954       0x3c ./Middlewares/Third_Party/FreeRTOS/Source/tasks.o
                0x0000000008008954                xTaskGetSchedulerState
 .text.xTaskPriorityInherit
                0x0000000008008990       0xd0 ./Middlewares/Third_Party/FreeRTOS/Source/tasks.o
                0x0000000008008990                xTaskPriorityInherit
 .text.xTaskPriorityDisinherit
                0x0000000008008a60       0xdc ./Middlewares/Third_Party/FreeRTOS/Source/tasks.o
                0x0000000008008a60                xTaskPriorityDisinherit
 .text.vTaskPriorityDisinheritAfterTimeout
                0x0000000008008b3c      0x104 ./Middlewares/Third_Party/FreeRTOS/Source/tasks.o
                0x0000000008008b3c                vTaskPriorityDisinheritAfterTimeout
 .text.pvTaskIncrementMutexHeldCount
                0x0000000008008c40       0x28 ./Middlewares/Third_Party/FreeRTOS/Source/tasks.o
                0x0000000008008c40                pvTaskIncrementMutexHeldCount
 .text.prvAddCurrentTaskToDelayedList
                0x0000000008008c68       0xa8 ./Middlewares/Third_Party/FreeRTOS/Source/tasks.o
 .text.xTimerCreateTimerTask
                0x0000000008008d10       0x90 ./Middlewares/Third_Party/FreeRTOS/Source/timers.o
                0x0000000008008d10                xTimerCreateTimerTask
 .text.xTimerGenericCommand
                0x0000000008008da0       0x9c ./Middlewares/Third_Party/FreeRTOS/Source/timers.o
                0x0000000008008da0                xTimerGenericCommand
 .text.prvProcessExpiredTimer
                0x0000000008008e3c       0x98 ./Middlewares/Third_Party/FreeRTOS/Source/timers.o
 .text.prvTimerTask
                0x0000000008008ed4       0x24 ./Middlewares/Third_Party/FreeRTOS/Source/timers.o
 .text.prvProcessTimerOrBlockTask
                0x0000000008008ef8       0x9c ./Middlewares/Third_Party/FreeRTOS/Source/timers.o
 .text.prvGetNextExpireTime
                0x0000000008008f94       0x48 ./Middlewares/Third_Party/FreeRTOS/Source/timers.o
 .text.prvSampleTimeNow
                0x0000000008008fdc       0x40 ./Middlewares/Third_Party/FreeRTOS/Source/timers.o
 .text.prvInsertTimerInActiveList
                0x000000000800901c       0x84 ./Middlewares/Third_Party/FreeRTOS/Source/timers.o
 .text.prvProcessReceivedCommands
                0x00000000080090a0      0x1c4 ./Middlewares/Third_Party/FreeRTOS/Source/timers.o
 .text.prvSwitchTimerLists
                0x0000000008009264       0xc8 ./Middlewares/Third_Party/FreeRTOS/Source/timers.o
 .text.prvCheckForValidListAndQueue
                0x000000000800932c       0x80 ./Middlewares/Third_Party/FreeRTOS/Source/timers.o
 .text.pxPortInitialiseStack
                0x00000000080093ac       0x68 ./Middlewares/Third_Party/FreeRTOS/Source/portable/GCC/ARM_CM4F/port.o
                0x00000000080093ac                pxPortInitialiseStack
 .text.prvTaskExitError
                0x0000000008009414       0x58 ./Middlewares/Third_Party/FreeRTOS/Source/portable/GCC/ARM_CM4F/port.o
 *fill*         0x000000000800946c        0x4 
 .text.SVC_Handler
                0x0000000008009470       0x28 ./Middlewares/Third_Party/FreeRTOS/Source/portable/GCC/ARM_CM4F/port.o
                0x0000000008009470                SVC_Handler
 .text.prvPortStartFirstTask
                0x0000000008009498       0x28 ./Middlewares/Third_Party/FreeRTOS/Source/portable/GCC/ARM_CM4F/port.o
 .text.xPortStartScheduler
                0x00000000080094c0      0x144 ./Middlewares/Third_Party/FreeRTOS/Source/portable/GCC/ARM_CM4F/port.o
                0x00000000080094c0                xPortStartScheduler
 .text.vPortEnterCritical
                0x0000000008009604       0x60 ./Middlewares/Third_Party/FreeRTOS/Source/portable/GCC/ARM_CM4F/port.o
                0x0000000008009604                vPortEnterCritical
 .text.vPortExitCritical
                0x0000000008009664       0x54 ./Middlewares/Third_Party/FreeRTOS/Source/portable/GCC/ARM_CM4F/port.o
                0x0000000008009664                vPortExitCritical
 *fill*         0x00000000080096b8        0x8 
 .text.PendSV_Handler
                0x00000000080096c0       0x68 ./Middlewares/Third_Party/FreeRTOS/Source/portable/GCC/ARM_CM4F/port.o
                0x00000000080096c0                PendSV_Handler
 .text.xPortSysTickHandler
                0x0000000008009728       0x44 ./Middlewares/Third_Party/FreeRTOS/Source/portable/GCC/ARM_CM4F/port.o
                0x0000000008009728                xPortSysTickHandler
 .text.vPortSetupTimerInterrupt
                0x000000000800976c       0x48 ./Middlewares/Third_Party/FreeRTOS/Source/portable/GCC/ARM_CM4F/port.o
                0x000000000800976c                vPortSetupTimerInterrupt
 .text.vPortEnableVFP
                0x00000000080097b4       0x14 ./Middlewares/Third_Party/FreeRTOS/Source/portable/GCC/ARM_CM4F/port.o
 .text.vPortValidateInterruptPriority
                0x00000000080097c8       0x80 ./Middlewares/Third_Party/FreeRTOS/Source/portable/GCC/ARM_CM4F/port.o
                0x00000000080097c8                vPortValidateInterruptPriority
 .text.pvPortMalloc
                0x0000000008009848      0x198 ./Middlewares/Third_Party/FreeRTOS/Source/portable/MemMang/heap_4.o
                0x0000000008009848                pvPortMalloc
 .text.vPortFree
                0x00000000080099e0       0xc4 ./Middlewares/Third_Party/FreeRTOS/Source/portable/MemMang/heap_4.o
                0x00000000080099e0                vPortFree
 .text.prvHeapInit
                0x0000000008009aa4       0xc4 ./Middlewares/Third_Party/FreeRTOS/Source/portable/MemMang/heap_4.o
 .text.prvInsertBlockIntoFreeList
                0x0000000008009b68       0xb4 ./Middlewares/Third_Party/FreeRTOS/Source/portable/MemMang/heap_4.o
 .text.__errno  0x0000000008009c1c        0xc c:/st/stm32cubeide_1.12.0/stm32cubeide/plugins/com.st.stm32cube.ide.mcu.externaltools.gnu-tools-for-stm32.10.3-2021.10.win32_1.0.200.202301161003/tools/bin/../lib/gcc/arm-none-eabi/10.3.1/../../../../arm-none-eabi/lib/thumb/v7e-m+fp/hard\libc_nano.a(lib_a-errno.o)
                0x0000000008009c1c                __errno
 .text.std      0x0000000008009c28       0x48 c:/st/stm32cubeide_1.12.0/stm32cubeide/plugins/com.st.stm32cube.ide.mcu.externaltools.gnu-tools-for-stm32.10.3-2021.10.win32_1.0.200.202301161003/tools/bin/../lib/gcc/arm-none-eabi/10.3.1/../../../../arm-none-eabi/lib/thumb/v7e-m+fp/hard\libc_nano.a(lib_a-findfp.o)
 .text._cleanup_r
                0x0000000008009c70        0xc c:/st/stm32cubeide_1.12.0/stm32cubeide/plugins/com.st.stm32cube.ide.mcu.externaltools.gnu-tools-for-stm32.10.3-2021.10.win32_1.0.200.202301161003/tools/bin/../lib/gcc/arm-none-eabi/10.3.1/../../../../arm-none-eabi/lib/thumb/v7e-m+fp/hard\libc_nano.a(lib_a-findfp.o)
                0x0000000008009c70                _cleanup_r
 .text.__sfmoreglue
                0x0000000008009c7c       0x2c c:/st/stm32cubeide_1.12.0/stm32cubeide/plugins/com.st.stm32cube.ide.mcu.externaltools.gnu-tools-for-stm32.10.3-2021.10.win32_1.0.200.202301161003/tools/bin/../lib/gcc/arm-none-eabi/10.3.1/../../../../arm-none-eabi/lib/thumb/v7e-m+fp/hard\libc_nano.a(lib_a-findfp.o)
                0x0000000008009c7c                __sfmoreglue
 .text.__sfp_lock_acquire
                0x0000000008009ca8        0xc c:/st/stm32cubeide_1.12.0/stm32cubeide/plugins/com.st.stm32cube.ide.mcu.externaltools.gnu-tools-for-stm32.10.3-2021.10.win32_1.0.200.202301161003/tools/bin/../lib/gcc/arm-none-eabi/10.3.1/../../../../arm-none-eabi/lib/thumb/v7e-m+fp/hard\libc_nano.a(lib_a-findfp.o)
                0x0000000008009ca8                __sfp_lock_acquire
 .text.__sfp_lock_release
                0x0000000008009cb4        0xc c:/st/stm32cubeide_1.12.0/stm32cubeide/plugins/com.st.stm32cube.ide.mcu.externaltools.gnu-tools-for-stm32.10.3-2021.10.win32_1.0.200.202301161003/tools/bin/../lib/gcc/arm-none-eabi/10.3.1/../../../../arm-none-eabi/lib/thumb/v7e-m+fp/hard\libc_nano.a(lib_a-findfp.o)
                0x0000000008009cb4                __sfp_lock_release
 .text.__sinit_lock_acquire
                0x0000000008009cc0        0xc c:/st/stm32cubeide_1.12.0/stm32cubeide/plugins/com.st.stm32cube.ide.mcu.externaltools.gnu-tools-for-stm32.10.3-2021.10.win32_1.0.200.202301161003/tools/bin/../lib/gcc/arm-none-eabi/10.3.1/../../../../arm-none-eabi/lib/thumb/v7e-m+fp/hard\libc_nano.a(lib_a-findfp.o)
                0x0000000008009cc0                __sinit_lock_acquire
 .text.__sinit_lock_release
                0x0000000008009ccc        0xc c:/st/stm32cubeide_1.12.0/stm32cubeide/plugins/com.st.stm32cube.ide.mcu.externaltools.gnu-tools-for-stm32.10.3-2021.10.win32_1.0.200.202301161003/tools/bin/../lib/gcc/arm-none-eabi/10.3.1/../../../../arm-none-eabi/lib/thumb/v7e-m+fp/hard\libc_nano.a(lib_a-findfp.o)
                0x0000000008009ccc                __sinit_lock_release
 .text.__sinit  0x0000000008009cd8       0x70 c:/st/stm32cubeide_1.12.0/stm32cubeide/plugins/com.st.stm32cube.ide.mcu.externaltools.gnu-tools-for-stm32.10.3-2021.10.win32_1.0.200.202301161003/tools/bin/../lib/gcc/arm-none-eabi/10.3.1/../../../../arm-none-eabi/lib/thumb/v7e-m+fp/hard\libc_nano.a(lib_a-findfp.o)
                0x0000000008009cd8                __sinit
 .text.__sfp    0x0000000008009d48       0x8c c:/st/stm32cubeide_1.12.0/stm32cubeide/plugins/com.st.stm32cube.ide.mcu.externaltools.gnu-tools-for-stm32.10.3-2021.10.win32_1.0.200.202301161003/tools/bin/../lib/gcc/arm-none-eabi/10.3.1/../../../../arm-none-eabi/lib/thumb/v7e-m+fp/hard\libc_nano.a(lib_a-findfp.o)
                0x0000000008009d48                __sfp
 .text._fwalk_reent
                0x0000000008009dd4       0x3e c:/st/stm32cubeide_1.12.0/stm32cubeide/plugins/com.st.stm32cube.ide.mcu.externaltools.gnu-tools-for-stm32.10.3-2021.10.win32_1.0.200.202301161003/tools/bin/../lib/gcc/arm-none-eabi/10.3.1/../../../../arm-none-eabi/lib/thumb/v7e-m+fp/hard\libc_nano.a(lib_a-fwalk.o)
                0x0000000008009dd4                _fwalk_reent
 *fill*         0x0000000008009e12        0x2 
 .text.__libc_init_array
                0x0000000008009e14       0x48 c:/st/stm32cubeide_1.12.0/stm32cubeide/plugins/com.st.stm32cube.ide.mcu.externaltools.gnu-tools-for-stm32.10.3-2021.10.win32_1.0.200.202301161003/tools/bin/../lib/gcc/arm-none-eabi/10.3.1/../../../../arm-none-eabi/lib/thumb/v7e-m+fp/hard\libc_nano.a(lib_a-init.o)
                0x0000000008009e14                __libc_init_array
 .text.__retarget_lock_init_recursive
                0x0000000008009e5c        0x2 c:/st/stm32cubeide_1.12.0/stm32cubeide/plugins/com.st.stm32cube.ide.mcu.externaltools.gnu-tools-for-stm32.10.3-2021.10.win32_1.0.200.202301161003/tools/bin/../lib/gcc/arm-none-eabi/10.3.1/../../../../arm-none-eabi/lib/thumb/v7e-m+fp/hard\libc_nano.a(lib_a-lock.o)
                0x0000000008009e5c                __retarget_lock_init_recursive
 .text.__retarget_lock_acquire_recursive
                0x0000000008009e5e        0x2 c:/st/stm32cubeide_1.12.0/stm32cubeide/plugins/com.st.stm32cube.ide.mcu.externaltools.gnu-tools-for-stm32.10.3-2021.10.win32_1.0.200.202301161003/tools/bin/../lib/gcc/arm-none-eabi/10.3.1/../../../../arm-none-eabi/lib/thumb/v7e-m+fp/hard\libc_nano.a(lib_a-lock.o)
                0x0000000008009e5e                __retarget_lock_acquire_recursive
 .text.__retarget_lock_release_recursive
                0x0000000008009e60        0x2 c:/st/stm32cubeide_1.12.0/stm32cubeide/plugins/com.st.stm32cube.ide.mcu.externaltools.gnu-tools-for-stm32.10.3-2021.10.win32_1.0.200.202301161003/tools/bin/../lib/gcc/arm-none-eabi/10.3.1/../../../../arm-none-eabi/lib/thumb/v7e-m+fp/hard\libc_nano.a(lib_a-lock.o)
                0x0000000008009e60                __retarget_lock_release_recursive
 .text.memcpy   0x0000000008009e62       0x1c c:/st/stm32cubeide_1.12.0/stm32cubeide/plugins/com.st.stm32cube.ide.mcu.externaltools.gnu-tools-for-stm32.10.3-2021.10.win32_1.0.200.202301161003/tools/bin/../lib/gcc/arm-none-eabi/10.3.1/../../../../arm-none-eabi/lib/thumb/v7e-m+fp/hard\libc_nano.a(lib_a-memcpy-stub.o)
                0x0000000008009e62                memcpy
 .text.memset   0x0000000008009e7e       0x10 c:/st/stm32cubeide_1.12.0/stm32cubeide/plugins/com.st.stm32cube.ide.mcu.externaltools.gnu-tools-for-stm32.10.3-2021.10.win32_1.0.200.202301161003/tools/bin/../lib/gcc/arm-none-eabi/10.3.1/../../../../arm-none-eabi/lib/thumb/v7e-m+fp/hard\libc_nano.a(lib_a-memset.o)
                0x0000000008009e7e                memset
 *fill*         0x0000000008009e8e        0x2 
 .text.sbrk_aligned
                0x0000000008009e90       0x40 c:/st/stm32cubeide_1.12.0/stm32cubeide/plugins/com.st.stm32cube.ide.mcu.externaltools.gnu-tools-for-stm32.10.3-2021.10.win32_1.0.200.202301161003/tools/bin/../lib/gcc/arm-none-eabi/10.3.1/../../../../arm-none-eabi/lib/thumb/v7e-m+fp/hard\libc_nano.a(lib_a-nano-mallocr.o)
 .text._malloc_r
                0x0000000008009ed0       0xe8 c:/st/stm32cubeide_1.12.0/stm32cubeide/plugins/com.st.stm32cube.ide.mcu.externaltools.gnu-tools-for-stm32.10.3-2021.10.win32_1.0.200.202301161003/tools/bin/../lib/gcc/arm-none-eabi/10.3.1/../../../../arm-none-eabi/lib/thumb/v7e-m+fp/hard\libc_nano.a(lib_a-nano-mallocr.o)
                0x0000000008009ed0                _malloc_r
 .text.printf   0x0000000008009fb8       0x30 c:/st/stm32cubeide_1.12.0/stm32cubeide/plugins/com.st.stm32cube.ide.mcu.externaltools.gnu-tools-for-stm32.10.3-2021.10.win32_1.0.200.202301161003/tools/bin/../lib/gcc/arm-none-eabi/10.3.1/../../../../arm-none-eabi/lib/thumb/v7e-m+fp/hard\libc_nano.a(lib_a-printf.o)
                0x0000000008009fb8                iprintf
                0x0000000008009fb8                printf
 .text._puts_r  0x0000000008009fe8       0xdc c:/st/stm32cubeide_1.12.0/stm32cubeide/plugins/com.st.stm32cube.ide.mcu.externaltools.gnu-tools-for-stm32.10.3-2021.10.win32_1.0.200.202301161003/tools/bin/../lib/gcc/arm-none-eabi/10.3.1/../../../../arm-none-eabi/lib/thumb/v7e-m+fp/hard\libc_nano.a(lib_a-puts.o)
                0x0000000008009fe8                _puts_r
 .text.puts     0x000000000800a0c4       0x10 c:/st/stm32cubeide_1.12.0/stm32cubeide/plugins/com.st.stm32cube.ide.mcu.externaltools.gnu-tools-for-stm32.10.3-2021.10.win32_1.0.200.202301161003/tools/bin/../lib/gcc/arm-none-eabi/10.3.1/../../../../arm-none-eabi/lib/thumb/v7e-m+fp/hard\libc_nano.a(lib_a-puts.o)
                0x000000000800a0c4                puts
 .text.cleanup_glue
                0x000000000800a0d4       0x1a c:/st/stm32cubeide_1.12.0/stm32cubeide/plugins/com.st.stm32cube.ide.mcu.externaltools.gnu-tools-for-stm32.10.3-2021.10.win32_1.0.200.202301161003/tools/bin/../lib/gcc/arm-none-eabi/10.3.1/../../../../arm-none-eabi/lib/thumb/v7e-m+fp/hard\libc_nano.a(lib_a-reent.o)
                0x000000000800a0d4                cleanup_glue
 *fill*         0x000000000800a0ee        0x2 
 .text._reclaim_reent
                0x000000000800a0f0       0xb8 c:/st/stm32cubeide_1.12.0/stm32cubeide/plugins/com.st.stm32cube.ide.mcu.externaltools.gnu-tools-for-stm32.10.3-2021.10.win32_1.0.200.202301161003/tools/bin/../lib/gcc/arm-none-eabi/10.3.1/../../../../arm-none-eabi/lib/thumb/v7e-m+fp/hard\libc_nano.a(lib_a-reent.o)
                0x000000000800a0f0                _reclaim_reent
 .text._sbrk_r  0x000000000800a1a8       0x20 c:/st/stm32cubeide_1.12.0/stm32cubeide/plugins/com.st.stm32cube.ide.mcu.externaltools.gnu-tools-for-stm32.10.3-2021.10.win32_1.0.200.202301161003/tools/bin/../lib/gcc/arm-none-eabi/10.3.1/../../../../arm-none-eabi/lib/thumb/v7e-m+fp/hard\libc_nano.a(lib_a-sbrkr.o)
                0x000000000800a1a8                _sbrk_r
 .text.__sread  0x000000000800a1c8       0x22 c:/st/stm32cubeide_1.12.0/stm32cubeide/plugins/com.st.stm32cube.ide.mcu.externaltools.gnu-tools-for-stm32.10.3-2021.10.win32_1.0.200.202301161003/tools/bin/../lib/gcc/arm-none-eabi/10.3.1/../../../../arm-none-eabi/lib/thumb/v7e-m+fp/hard\libc_nano.a(lib_a-stdio.o)
                0x000000000800a1c8                __sread
 .text.__swrite
                0x000000000800a1ea       0x38 c:/st/stm32cubeide_1.12.0/stm32cubeide/plugins/com.st.stm32cube.ide.mcu.externaltools.gnu-tools-for-stm32.10.3-2021.10.win32_1.0.200.202301161003/tools/bin/../lib/gcc/arm-none-eabi/10.3.1/../../../../arm-none-eabi/lib/thumb/v7e-m+fp/hard\libc_nano.a(lib_a-stdio.o)
                0x000000000800a1ea                __swrite
 .text.__sseek  0x000000000800a222       0x24 c:/st/stm32cubeide_1.12.0/stm32cubeide/plugins/com.st.stm32cube.ide.mcu.externaltools.gnu-tools-for-stm32.10.3-2021.10.win32_1.0.200.202301161003/tools/bin/../lib/gcc/arm-none-eabi/10.3.1/../../../../arm-none-eabi/lib/thumb/v7e-m+fp/hard\libc_nano.a(lib_a-stdio.o)
                0x000000000800a222                __sseek
 .text.__sclose
                0x000000000800a246        0x8 c:/st/stm32cubeide_1.12.0/stm32cubeide/plugins/com.st.stm32cube.ide.mcu.externaltools.gnu-tools-for-stm32.10.3-2021.10.win32_1.0.200.202301161003/tools/bin/../lib/gcc/arm-none-eabi/10.3.1/../../../../arm-none-eabi/lib/thumb/v7e-m+fp/hard\libc_nano.a(lib_a-stdio.o)
                0x000000000800a246                __sclose
 *fill*         0x000000000800a24e        0x2 
 .text.__swbuf_r
                0x000000000800a250       0xa4 c:/st/stm32cubeide_1.12.0/stm32cubeide/plugins/com.st.stm32cube.ide.mcu.externaltools.gnu-tools-for-stm32.10.3-2021.10.win32_1.0.200.202301161003/tools/bin/../lib/gcc/arm-none-eabi/10.3.1/../../../../arm-none-eabi/lib/thumb/v7e-m+fp/hard\libc_nano.a(lib_a-wbuf.o)
                0x000000000800a250                __swbuf_r
 .text._write_r
                0x000000000800a2f4       0x24 c:/st/stm32cubeide_1.12.0/stm32cubeide/plugins/com.st.stm32cube.ide.mcu.externaltools.gnu-tools-for-stm32.10.3-2021.10.win32_1.0.200.202301161003/tools/bin/../lib/gcc/arm-none-eabi/10.3.1/../../../../arm-none-eabi/lib/thumb/v7e-m+fp/hard\libc_nano.a(lib_a-writer.o)
                0x000000000800a2f4                _write_r
 .text.__swsetup_r
                0x000000000800a318       0xdc c:/st/stm32cubeide_1.12.0/stm32cubeide/plugins/com.st.stm32cube.ide.mcu.externaltools.gnu-tools-for-stm32.10.3-2021.10.win32_1.0.200.202301161003/tools/bin/../lib/gcc/arm-none-eabi/10.3.1/../../../../arm-none-eabi/lib/thumb/v7e-m+fp/hard\libc_nano.a(lib_a-wsetup.o)
                0x000000000800a318                __swsetup_r
 .text._close_r
                0x000000000800a3f4       0x20 c:/st/stm32cubeide_1.12.0/stm32cubeide/plugins/com.st.stm32cube.ide.mcu.externaltools.gnu-tools-for-stm32.10.3-2021.10.win32_1.0.200.202301161003/tools/bin/../lib/gcc/arm-none-eabi/10.3.1/../../../../arm-none-eabi/lib/thumb/v7e-m+fp/hard\libc_nano.a(lib_a-closer.o)
                0x000000000800a3f4                _close_r
 .text.__sflush_r
                0x000000000800a414      0x10c c:/st/stm32cubeide_1.12.0/stm32cubeide/plugins/com.st.stm32cube.ide.mcu.externaltools.gnu-tools-for-stm32.10.3-2021.10.win32_1.0.200.202301161003/tools/bin/../lib/gcc/arm-none-eabi/10.3.1/../../../../arm-none-eabi/lib/thumb/v7e-m+fp/hard\libc_nano.a(lib_a-fflush.o)
                0x000000000800a414                __sflush_r
 .text._fflush_r
                0x000000000800a520       0x78 c:/st/stm32cubeide_1.12.0/stm32cubeide/plugins/com.st.stm32cube.ide.mcu.externaltools.gnu-tools-for-stm32.10.3-2021.10.win32_1.0.200.202301161003/tools/bin/../lib/gcc/arm-none-eabi/10.3.1/../../../../arm-none-eabi/lib/thumb/v7e-m+fp/hard\libc_nano.a(lib_a-fflush.o)
                0x000000000800a520                _fflush_r
 .text._lseek_r
                0x000000000800a598       0x24 c:/st/stm32cubeide_1.12.0/stm32cubeide/plugins/com.st.stm32cube.ide.mcu.externaltools.gnu-tools-for-stm32.10.3-2021.10.win32_1.0.200.202301161003/tools/bin/../lib/gcc/arm-none-eabi/10.3.1/../../../../arm-none-eabi/lib/thumb/v7e-m+fp/hard\libc_nano.a(lib_a-lseekr.o)
                0x000000000800a598                _lseek_r
 .text.__swhatbuf_r
                0x000000000800a5bc       0x4a c:/st/stm32cubeide_1.12.0/stm32cubeide/plugins/com.st.stm32cube.ide.mcu.externaltools.gnu-tools-for-stm32.10.3-2021.10.win32_1.0.200.202301161003/tools/bin/../lib/gcc/arm-none-eabi/10.3.1/../../../../arm-none-eabi/lib/thumb/v7e-m+fp/hard\libc_nano.a(lib_a-makebuf.o)
                0x000000000800a5bc                __swhatbuf_r
 *fill*         0x000000000800a606        0x2 
 .text.__smakebuf_r
                0x000000000800a608       0x80 c:/st/stm32cubeide_1.12.0/stm32cubeide/plugins/com.st.stm32cube.ide.mcu.externaltools.gnu-tools-for-stm32.10.3-2021.10.win32_1.0.200.202301161003/tools/bin/../lib/gcc/arm-none-eabi/10.3.1/../../../../arm-none-eabi/lib/thumb/v7e-m+fp/hard\libc_nano.a(lib_a-makebuf.o)
                0x000000000800a608                __smakebuf_r
 .text.__malloc_lock
                0x000000000800a688        0xc c:/st/stm32cubeide_1.12.0/stm32cubeide/plugins/com.st.stm32cube.ide.mcu.externaltools.gnu-tools-for-stm32.10.3-2021.10.win32_1.0.200.202301161003/tools/bin/../lib/gcc/arm-none-eabi/10.3.1/../../../../arm-none-eabi/lib/thumb/v7e-m+fp/hard\libc_nano.a(lib_a-mlock.o)
                0x000000000800a688                __malloc_lock
 .text.__malloc_unlock
                0x000000000800a694        0xc c:/st/stm32cubeide_1.12.0/stm32cubeide/plugins/com.st.stm32cube.ide.mcu.externaltools.gnu-tools-for-stm32.10.3-2021.10.win32_1.0.200.202301161003/tools/bin/../lib/gcc/arm-none-eabi/10.3.1/../../../../arm-none-eabi/lib/thumb/v7e-m+fp/hard\libc_nano.a(lib_a-mlock.o)
                0x000000000800a694                __malloc_unlock
 .text._free_r  0x000000000800a6a0       0x98 c:/st/stm32cubeide_1.12.0/stm32cubeide/plugins/com.st.stm32cube.ide.mcu.externaltools.gnu-tools-for-stm32.10.3-2021.10.win32_1.0.200.202301161003/tools/bin/../lib/gcc/arm-none-eabi/10.3.1/../../../../arm-none-eabi/lib/thumb/v7e-m+fp/hard\libc_nano.a(lib_a-nano-freer.o)
                0x000000000800a6a0                _free_r
 .text.__sfputc_r
                0x000000000800a738       0x2e c:/st/stm32cubeide_1.12.0/stm32cubeide/plugins/com.st.stm32cube.ide.mcu.externaltools.gnu-tools-for-stm32.10.3-2021.10.win32_1.0.200.202301161003/tools/bin/../lib/gcc/arm-none-eabi/10.3.1/../../../../arm-none-eabi/lib/thumb/v7e-m+fp/hard\libc_nano.a(lib_a-nano-vfprintf.o)
 .text.__sfputs_r
                0x000000000800a766       0x24 c:/st/stm32cubeide_1.12.0/stm32cubeide/plugins/com.st.stm32cube.ide.mcu.externaltools.gnu-tools-for-stm32.10.3-2021.10.win32_1.0.200.202301161003/tools/bin/../lib/gcc/arm-none-eabi/10.3.1/../../../../arm-none-eabi/lib/thumb/v7e-m+fp/hard\libc_nano.a(lib_a-nano-vfprintf.o)
                0x000000000800a766                __sfputs_r
 *fill*         0x000000000800a78a        0x2 
 .text._vfprintf_r
                0x000000000800a78c      0x260 c:/st/stm32cubeide_1.12.0/stm32cubeide/plugins/com.st.stm32cube.ide.mcu.externaltools.gnu-tools-for-stm32.10.3-2021.10.win32_1.0.200.202301161003/tools/bin/../lib/gcc/arm-none-eabi/10.3.1/../../../../arm-none-eabi/lib/thumb/v7e-m+fp/hard\libc_nano.a(lib_a-nano-vfprintf.o)
                0x000000000800a78c                _vfprintf_r
                0x000000000800a78c                _vfiprintf_r
 .text._printf_common
                0x000000000800a9ec       0xda c:/st/stm32cubeide_1.12.0/stm32cubeide/plugins/com.st.stm32cube.ide.mcu.externaltools.gnu-tools-for-stm32.10.3-2021.10.win32_1.0.200.202301161003/tools/bin/../lib/gcc/arm-none-eabi/10.3.1/../../../../arm-none-eabi/lib/thumb/v7e-m+fp/hard\libc_nano.a(lib_a-nano-vfprintf_i.o)
                0x000000000800a9ec                _printf_common
 *fill*         0x000000000800aac6        0x2 
 .text._printf_i
                0x000000000800aac8      0x24c c:/st/stm32cubeide_1.12.0/stm32cubeide/plugins/com.st.stm32cube.ide.mcu.externaltools.gnu-tools-for-stm32.10.3-2021.10.win32_1.0.200.202301161003/tools/bin/../lib/gcc/arm-none-eabi/10.3.1/../../../../arm-none-eabi/lib/thumb/v7e-m+fp/hard\libc_nano.a(lib_a-nano-vfprintf_i.o)
                0x000000000800aac8                _printf_i
 .text._read_r  0x000000000800ad14       0x24 c:/st/stm32cubeide_1.12.0/stm32cubeide/plugins/com.st.stm32cube.ide.mcu.externaltools.gnu-tools-for-stm32.10.3-2021.10.win32_1.0.200.202301161003/tools/bin/../lib/gcc/arm-none-eabi/10.3.1/../../../../arm-none-eabi/lib/thumb/v7e-m+fp/hard\libc_nano.a(lib_a-readr.o)
                0x000000000800ad14                _read_r
 .text._fstat_r
                0x000000000800ad38       0x24 c:/st/stm32cubeide_1.12.0/stm32cubeide/plugins/com.st.stm32cube.ide.mcu.externaltools.gnu-tools-for-stm32.10.3-2021.10.win32_1.0.200.202301161003/tools/bin/../lib/gcc/arm-none-eabi/10.3.1/../../../../arm-none-eabi/lib/thumb/v7e-m+fp/hard\libc_nano.a(lib_a-fstatr.o)
                0x000000000800ad38                _fstat_r
 .text._isatty_r
                0x000000000800ad5c       0x20 c:/st/stm32cubeide_1.12.0/stm32cubeide/plugins/com.st.stm32cube.ide.mcu.externaltools.gnu-tools-for-stm32.10.3-2021.10.win32_1.0.200.202301161003/tools/bin/../lib/gcc/arm-none-eabi/10.3.1/../../../../arm-none-eabi/lib/thumb/v7e-m+fp/hard\libc_nano.a(lib_a-isattyr.o)
                0x000000000800ad5c                _isatty_r
 *(.glue_7)
 .glue_7        0x000000000800ad7c        0x0 linker stubs
 *(.glue_7t)
 .glue_7t       0x000000000800ad7c        0x0 linker stubs
 *(.eh_frame)
 .eh_frame      0x000000000800ad7c        0x0 c:/st/stm32cubeide_1.12.0/stm32cubeide/plugins/com.st.stm32cube.ide.mcu.externaltools.gnu-tools-for-stm32.10.3-2021.10.win32_1.0.200.202301161003/tools/bin/../lib/gcc/arm-none-eabi/10.3.1/thumb/v7e-m+fp/hard/crtbegin.o
 *(.init)
 .init          0x000000000800ad7c        0x4 c:/st/stm32cubeide_1.12.0/stm32cubeide/plugins/com.st.stm32cube.ide.mcu.externaltools.gnu-tools-for-stm32.10.3-2021.10.win32_1.0.200.202301161003/tools/bin/../lib/gcc/arm-none-eabi/10.3.1/thumb/v7e-m+fp/hard/crti.o
                0x000000000800ad7c                _init
 .init          0x000000000800ad80        0x8 c:/st/stm32cubeide_1.12.0/stm32cubeide/plugins/com.st.stm32cube.ide.mcu.externaltools.gnu-tools-for-stm32.10.3-2021.10.win32_1.0.200.202301161003/tools/bin/../lib/gcc/arm-none-eabi/10.3.1/thumb/v7e-m+fp/hard/crtn.o
 *(.fini)
 .fini          0x000000000800ad88        0x4 c:/st/stm32cubeide_1.12.0/stm32cubeide/plugins/com.st.stm32cube.ide.mcu.externaltools.gnu-tools-for-stm32.10.3-2021.10.win32_1.0.200.202301161003/tools/bin/../lib/gcc/arm-none-eabi/10.3.1/thumb/v7e-m+fp/hard/crti.o
                0x000000000800ad88                _fini
 .fini          0x000000000800ad8c        0x8 c:/st/stm32cubeide_1.12.0/stm32cubeide/plugins/com.st.stm32cube.ide.mcu.externaltools.gnu-tools-for-stm32.10.3-2021.10.win32_1.0.200.202301161003/tools/bin/../lib/gcc/arm-none-eabi/10.3.1/thumb/v7e-m+fp/hard/crtn.o
                0x000000000800ad94                . = ALIGN (0x4)
                0x000000000800ad94                _etext = .

.vfp11_veneer   0x000000000800ad94        0x0
 .vfp11_veneer  0x000000000800ad94        0x0 linker stubs

.v4_bx          0x000000000800ad94        0x0
 .v4_bx         0x000000000800ad94        0x0 linker stubs

.iplt           0x000000000800ad94        0x0
 .iplt          0x000000000800ad94        0x0 c:/st/stm32cubeide_1.12.0/stm32cubeide/plugins/com.st.stm32cube.ide.mcu.externaltools.gnu-tools-for-stm32.10.3-2021.10.win32_1.0.200.202301161003/tools/bin/../lib/gcc/arm-none-eabi/10.3.1/thumb/v7e-m+fp/hard/crtbegin.o

.rodata         0x000000000800ad94      0x2e0
                0x000000000800ad94                . = ALIGN (0x4)
 *(.rodata)
 .rodata        0x000000000800ad94       0x9f ./Core/Src/UART0.o
 *fill*         0x000000000800ae33        0x1 
 .rodata        0x000000000800ae34       0x72 ./Core/Src/dcmotor.o
 *fill*         0x000000000800aea6        0x2 
 .rodata        0x000000000800aea8       0x63 ./Core/Src/main.o
 *fill*         0x000000000800af0b        0x1 
 .rodata        0x000000000800af0c        0x5 ./Middlewares/Third_Party/FreeRTOS/Source/tasks.o
 *fill*         0x000000000800af11        0x3 
 .rodata        0x000000000800af14        0xd ./Middlewares/Third_Party/FreeRTOS/Source/timers.o
 *(.rodata*)
 *fill*         0x000000000800af21        0x3 
 .rodata.defaultTask_attributes
                0x000000000800af24       0x24 ./Core/Src/main.o
                0x000000000800af24                defaultTask_attributes
 .rodata.AutoModeTask_attributes
                0x000000000800af48       0x24 ./Core/Src/main.o
                0x000000000800af48                AutoModeTask_attributes
 .rodata.ManualModeTask_attributes
                0x000000000800af6c       0x24 ./Core/Src/main.o
                0x000000000800af6c                ManualModeTask_attributes
 .rodata.MonitorTask_attributes
                0x000000000800af90       0x24 ./Core/Src/main.o
                0x000000000800af90                MonitorTask_attributes
 .rodata.myMutex01_attributes
                0x000000000800afb4       0x10 ./Core/Src/main.o
                0x000000000800afb4                myMutex01_attributes
 .rodata.AHBPrescTable
                0x000000000800afc4       0x10 ./Core/Src/system_stm32f4xx.o
                0x000000000800afc4                AHBPrescTable
 .rodata.APBPrescTable
                0x000000000800afd4        0x8 ./Core/Src/system_stm32f4xx.o
                0x000000000800afd4                APBPrescTable
 .rodata.__sf_fake_stderr
                0x000000000800afdc       0x20 c:/st/stm32cubeide_1.12.0/stm32cubeide/plugins/com.st.stm32cube.ide.mcu.externaltools.gnu-tools-for-stm32.10.3-2021.10.win32_1.0.200.202301161003/tools/bin/../lib/gcc/arm-none-eabi/10.3.1/../../../../arm-none-eabi/lib/thumb/v7e-m+fp/hard\libc_nano.a(lib_a-findfp.o)
                0x000000000800afdc                __sf_fake_stderr
 .rodata.__sf_fake_stdin
                0x000000000800affc       0x20 c:/st/stm32cubeide_1.12.0/stm32cubeide/plugins/com.st.stm32cube.ide.mcu.externaltools.gnu-tools-for-stm32.10.3-2021.10.win32_1.0.200.202301161003/tools/bin/../lib/gcc/arm-none-eabi/10.3.1/../../../../arm-none-eabi/lib/thumb/v7e-m+fp/hard\libc_nano.a(lib_a-findfp.o)
                0x000000000800affc                __sf_fake_stdin
 .rodata.__sf_fake_stdout
                0x000000000800b01c       0x20 c:/st/stm32cubeide_1.12.0/stm32cubeide/plugins/com.st.stm32cube.ide.mcu.externaltools.gnu-tools-for-stm32.10.3-2021.10.win32_1.0.200.202301161003/tools/bin/../lib/gcc/arm-none-eabi/10.3.1/../../../../arm-none-eabi/lib/thumb/v7e-m+fp/hard\libc_nano.a(lib_a-findfp.o)
                0x000000000800b01c                __sf_fake_stdout
 .rodata._global_impure_ptr
                0x000000000800b03c        0x4 c:/st/stm32cubeide_1.12.0/stm32cubeide/plugins/com.st.stm32cube.ide.mcu.externaltools.gnu-tools-for-stm32.10.3-2021.10.win32_1.0.200.202301161003/tools/bin/../lib/gcc/arm-none-eabi/10.3.1/../../../../arm-none-eabi/lib/thumb/v7e-m+fp/hard\libc_nano.a(lib_a-impure.o)
                0x000000000800b03c                _global_impure_ptr
 .rodata._vfprintf_r.str1.1
                0x000000000800b040       0x11 c:/st/stm32cubeide_1.12.0/stm32cubeide/plugins/com.st.stm32cube.ide.mcu.externaltools.gnu-tools-for-stm32.10.3-2021.10.win32_1.0.200.202301161003/tools/bin/../lib/gcc/arm-none-eabi/10.3.1/../../../../arm-none-eabi/lib/thumb/v7e-m+fp/hard\libc_nano.a(lib_a-nano-vfprintf.o)
 .rodata._printf_i.str1.1
                0x000000000800b051       0x22 c:/st/stm32cubeide_1.12.0/stm32cubeide/plugins/com.st.stm32cube.ide.mcu.externaltools.gnu-tools-for-stm32.10.3-2021.10.win32_1.0.200.202301161003/tools/bin/../lib/gcc/arm-none-eabi/10.3.1/../../../../arm-none-eabi/lib/thumb/v7e-m+fp/hard\libc_nano.a(lib_a-nano-vfprintf_i.o)
                0x000000000800b074                . = ALIGN (0x4)
 *fill*         0x000000000800b073        0x1 

.ARM.extab      0x000000000800b074        0x0
                0x000000000800b074                . = ALIGN (0x4)
 *(.ARM.extab* .gnu.linkonce.armextab.*)
                0x000000000800b074                . = ALIGN (0x4)

.ARM            0x000000000800b074        0x8
                0x000000000800b074                . = ALIGN (0x4)
                0x000000000800b074                __exidx_start = .
 *(.ARM.exidx*)
 .ARM.exidx     0x000000000800b074        0x8 c:/st/stm32cubeide_1.12.0/stm32cubeide/plugins/com.st.stm32cube.ide.mcu.externaltools.gnu-tools-for-stm32.10.3-2021.10.win32_1.0.200.202301161003/tools/bin/../lib/gcc/arm-none-eabi/10.3.1/thumb/v7e-m+fp/hard\libgcc.a(_udivmoddi4.o)
                0x000000000800b07c                __exidx_end = .
                0x000000000800b07c                . = ALIGN (0x4)

.rel.dyn        0x000000000800b07c        0x0
 .rel.iplt      0x000000000800b07c        0x0 c:/st/stm32cubeide_1.12.0/stm32cubeide/plugins/com.st.stm32cube.ide.mcu.externaltools.gnu-tools-for-stm32.10.3-2021.10.win32_1.0.200.202301161003/tools/bin/../lib/gcc/arm-none-eabi/10.3.1/thumb/v7e-m+fp/hard/crtbegin.o

.preinit_array  0x000000000800b07c        0x0
                0x000000000800b07c                . = ALIGN (0x4)
                0x000000000800b07c                PROVIDE (__preinit_array_start = .)
 *(.preinit_array*)
                0x000000000800b07c                PROVIDE (__preinit_array_end = .)
                0x000000000800b07c                . = ALIGN (0x4)

.init_array     0x000000000800b07c        0x4
                0x000000000800b07c                . = ALIGN (0x4)
                0x000000000800b07c                PROVIDE (__init_array_start = .)
 *(SORT_BY_NAME(.init_array.*))
 *(.init_array*)
 .init_array    0x000000000800b07c        0x4 c:/st/stm32cubeide_1.12.0/stm32cubeide/plugins/com.st.stm32cube.ide.mcu.externaltools.gnu-tools-for-stm32.10.3-2021.10.win32_1.0.200.202301161003/tools/bin/../lib/gcc/arm-none-eabi/10.3.1/thumb/v7e-m+fp/hard/crtbegin.o
                0x000000000800b080                PROVIDE (__init_array_end = .)
                0x000000000800b080                . = ALIGN (0x4)

.fini_array     0x000000000800b080        0x4
                0x000000000800b080                . = ALIGN (0x4)
                [!provide]                        PROVIDE (__fini_array_start = .)
 *(SORT_BY_NAME(.fini_array.*))
 *(.fini_array*)
 .fini_array    0x000000000800b080        0x4 c:/st/stm32cubeide_1.12.0/stm32cubeide/plugins/com.st.stm32cube.ide.mcu.externaltools.gnu-tools-for-stm32.10.3-2021.10.win32_1.0.200.202301161003/tools/bin/../lib/gcc/arm-none-eabi/10.3.1/thumb/v7e-m+fp/hard/crtbegin.o
                [!provide]                        PROVIDE (__fini_array_end = .)
                0x000000000800b084                . = ALIGN (0x4)
                0x000000000800b084                _sidata = LOADADDR (.data)

.data           0x0000000020000000       0x7c load address 0x000000000800b084
                0x0000000020000000                . = ALIGN (0x4)
                0x0000000020000000                _sdata = .
 *(.data)
 *(.data*)
 .data.previous_button_status
                0x0000000020000000        0x4 ./Core/Src/button.o
                0x0000000020000000                previous_button_status
 .data.ext_int_no
                0x0000000020000004        0x4 ./Core/Src/main.o
                0x0000000020000004                ext_int_no
 .data.SystemCoreClock
                0x0000000020000008        0x4 ./Core/Src/system_stm32f4xx.o
                0x0000000020000008                SystemCoreClock
 .data.uwTickPrio
                0x000000002000000c        0x4 ./Drivers/STM32F4xx_HAL_Driver/Src/stm32f4xx_hal.o
                0x000000002000000c                uwTickPrio
 .data.uwTickFreq
                0x0000000020000010        0x1 ./Drivers/STM32F4xx_HAL_Driver/Src/stm32f4xx_hal.o
                0x0000000020000010                uwTickFreq
 *fill*         0x0000000020000011        0x3 
 .data.uxCriticalNesting
                0x0000000020000014        0x4 ./Middlewares/Third_Party/FreeRTOS/Source/portable/GCC/ARM_CM4F/port.o
 .data._impure_ptr
                0x0000000020000018        0x4 c:/st/stm32cubeide_1.12.0/stm32cubeide/plugins/com.st.stm32cube.ide.mcu.externaltools.gnu-tools-for-stm32.10.3-2021.10.win32_1.0.200.202301161003/tools/bin/../lib/gcc/arm-none-eabi/10.3.1/../../../../arm-none-eabi/lib/thumb/v7e-m+fp/hard\libc_nano.a(lib_a-impure.o)
                0x0000000020000018                _impure_ptr
 .data.impure_data
                0x000000002000001c       0x60 c:/st/stm32cubeide_1.12.0/stm32cubeide/plugins/com.st.stm32cube.ide.mcu.externaltools.gnu-tools-for-stm32.10.3-2021.10.win32_1.0.200.202301161003/tools/bin/../lib/gcc/arm-none-eabi/10.3.1/../../../../arm-none-eabi/lib/thumb/v7e-m+fp/hard\libc_nano.a(lib_a-impure.o)
 *(.RamFunc)
 *(.RamFunc*)
                0x000000002000007c                . = ALIGN (0x4)
                0x000000002000007c                _edata = .

.igot.plt       0x000000002000007c        0x0 load address 0x000000000800b100
 .igot.plt      0x000000002000007c        0x0 c:/st/stm32cubeide_1.12.0/stm32cubeide/plugins/com.st.stm32cube.ide.mcu.externaltools.gnu-tools-for-stm32.10.3-2021.10.win32_1.0.200.202301161003/tools/bin/../lib/gcc/arm-none-eabi/10.3.1/thumb/v7e-m+fp/hard/crtbegin.o
                0x000000002000007c                . = ALIGN (0x4)

.bss            0x000000002000007c     0x52c4 load address 0x000000000800b100
                0x000000002000007c                _sbss = .
                0x000000002000007c                __bss_start__ = _sbss
 *(.bss)
 .bss           0x000000002000007c       0x1c c:/st/stm32cubeide_1.12.0/stm32cubeide/plugins/com.st.stm32cube.ide.mcu.externaltools.gnu-tools-for-stm32.10.3-2021.10.win32_1.0.200.202301161003/tools/bin/../lib/gcc/arm-none-eabi/10.3.1/thumb/v7e-m+fp/hard/crtbegin.o
 *(.bss*)
 .bss.input_pointer
                0x0000000020000098        0x4 ./Core/Src/UART0.o
                0x0000000020000098                input_pointer
 .bss.output_pointer
                0x000000002000009c        0x4 ./Core/Src/UART0.o
                0x000000002000009c                output_pointer
 .bss.rx_buff   0x00000000200000a0      0x5dc ./Core/Src/UART0.o
                0x00000000200000a0                rx_buff
 .bss.rx_data   0x000000002000067c        0x1 ./Core/Src/UART0.o
                0x000000002000067c                rx_data
 .bss.bt_data   0x000000002000067d        0x1 ./Core/Src/UART0.o
                0x000000002000067d                bt_data
 *fill*         0x000000002000067e        0x2 
 .bss.rx_index  0x0000000020000680        0x4 ./Core/Src/UART0.o
                0x0000000020000680                rx_index
 .bss.auto_mode_state
                0x0000000020000684        0x1 ./Core/Src/dcmotor.o
                0x0000000020000684                auto_mode_state
 *fill*         0x0000000020000685        0x3 
 .bss.hi2c1     0x0000000020000688       0x54 ./Core/Src/main.o
                0x0000000020000688                hi2c1
 .bss.hrtc      0x00000000200006dc       0x20 ./Core/Src/main.o
                0x00000000200006dc                hrtc
 .bss.htim1     0x00000000200006fc       0x48 ./Core/Src/main.o
                0x00000000200006fc                htim1
 .bss.htim2     0x0000000020000744       0x48 ./Core/Src/main.o
                0x0000000020000744                htim2
 .bss.htim3     0x000000002000078c       0x48 ./Core/Src/main.o
                0x000000002000078c                htim3
 .bss.htim11    0x00000000200007d4       0x48 ./Core/Src/main.o
                0x00000000200007d4                htim11
 .bss.huart1    0x000000002000081c       0x44 ./Core/Src/main.o
                0x000000002000081c                huart1
 .bss.huart2    0x0000000020000860       0x44 ./Core/Src/main.o
                0x0000000020000860                huart2
 .bss.defaultTaskHandle
                0x00000000200008a4        0x4 ./Core/Src/main.o
                0x00000000200008a4                defaultTaskHandle
 .bss.AutoModeTaskHandle
                0x00000000200008a8        0x4 ./Core/Src/main.o
                0x00000000200008a8                AutoModeTaskHandle
 .bss.ManualModeTaskHandle
                0x00000000200008ac        0x4 ./Core/Src/main.o
                0x00000000200008ac                ManualModeTaskHandle
 .bss.MonitorTaskHandle
                0x00000000200008b0        0x4 ./Core/Src/main.o
                0x00000000200008b0                MonitorTaskHandle
 .bss.myMutex01Handle
                0x00000000200008b4        0x4 ./Core/Src/main.o
                0x00000000200008b4                myMutex01Handle
 .bss.TIM11_10ms_counter
                0x00000000200008b8        0x4 ./Core/Src/main.o
                0x00000000200008b8                TIM11_10ms_counter
 .bss.TIM11_10ms_ultrasonic_counter
                0x00000000200008bc        0x4 ./Core/Src/main.o
                0x00000000200008bc                TIM11_10ms_ultrasonic_counter
 .bss.TIM11_10ms_servomotor_counter
                0x00000000200008c0        0x4 ./Core/Src/main.o
                0x00000000200008c0                TIM11_10ms_servomotor_counter
 .bss.htim10    0x00000000200008c4       0x48 ./Core/Src/stm32f4xx_hal_timebase_tim.o
                0x00000000200008c4                htim10
 .bss.__sbrk_heap_end
                0x000000002000090c        0x4 ./Core/Src/sysmem.o
 .bss.distance  0x0000000020000910        0x4 ./Core/Src/ultrasonic.o
                0x0000000020000910                distance
 .bss.ic_cpt_flag
                0x0000000020000914        0x4 ./Core/Src/ultrasonic.o
                0x0000000020000914                ic_cpt_flag
 .bss.is_first_capture.0
                0x0000000020000918        0x1 ./Core/Src/ultrasonic.o
 *fill*         0x0000000020000919        0x3 
 .bss.uwTick    0x000000002000091c        0x4 ./Drivers/STM32F4xx_HAL_Driver/Src/stm32f4xx_hal.o
                0x000000002000091c                uwTick
 .bss.KernelState
                0x0000000020000920        0x4 ./Middlewares/Third_Party/FreeRTOS/Source/CMSIS_RTOS_V2/cmsis_os2.o
 .bss.Idle_TCB.3
                0x0000000020000924       0xbc ./Middlewares/Third_Party/FreeRTOS/Source/CMSIS_RTOS_V2/cmsis_os2.o
 .bss.Idle_Stack.2
                0x00000000200009e0      0x200 ./Middlewares/Third_Party/FreeRTOS/Source/CMSIS_RTOS_V2/cmsis_os2.o
 .bss.Timer_TCB.1
                0x0000000020000be0       0xbc ./Middlewares/Third_Party/FreeRTOS/Source/CMSIS_RTOS_V2/cmsis_os2.o
 .bss.Timer_Stack.0
                0x0000000020000c9c      0x400 ./Middlewares/Third_Party/FreeRTOS/Source/CMSIS_RTOS_V2/cmsis_os2.o
 .bss.xQueueRegistry
                0x000000002000109c       0x40 ./Middlewares/Third_Party/FreeRTOS/Source/queue.o
                0x000000002000109c                xQueueRegistry
 .bss.pxCurrentTCB
                0x00000000200010dc        0x4 ./Middlewares/Third_Party/FreeRTOS/Source/tasks.o
                0x00000000200010dc                pxCurrentTCB
 .bss.pxReadyTasksLists
                0x00000000200010e0      0x460 ./Middlewares/Third_Party/FreeRTOS/Source/tasks.o
 .bss.xDelayedTaskList1
                0x0000000020001540       0x14 ./Middlewares/Third_Party/FreeRTOS/Source/tasks.o
 .bss.xDelayedTaskList2
                0x0000000020001554       0x14 ./Middlewares/Third_Party/FreeRTOS/Source/tasks.o
 .bss.pxDelayedTaskList
                0x0000000020001568        0x4 ./Middlewares/Third_Party/FreeRTOS/Source/tasks.o